Archive member included to satisfy reference by file (symbol)

c:/st/stm32cubeide_1.4.0/stm32cubeide/plugins/com.st.stm32cube.ide.mcu.externaltools.gnu-tools-for-stm32.7-2018-q2-update.win32_1.4.0.202007081208/tools/bin/../lib/gcc/arm-none-eabi/7.3.1/../../../../arm-none-eabi/lib/thumb/v7e-m/fpv4-sp/hard\libc_nano.a(lib_a-errno.o)
                              Core/Src/syscalls.o (__errno)
c:/st/stm32cubeide_1.4.0/stm32cubeide/plugins/com.st.stm32cube.ide.mcu.externaltools.gnu-tools-for-stm32.7-2018-q2-update.win32_1.4.0.202007081208/tools/bin/../lib/gcc/arm-none-eabi/7.3.1/../../../../arm-none-eabi/lib/thumb/v7e-m/fpv4-sp/hard\libc_nano.a(lib_a-exit.o)
                              c:/st/stm32cubeide_1.4.0/stm32cubeide/plugins/com.st.stm32cube.ide.mcu.externaltools.gnu-tools-for-stm32.7-2018-q2-update.win32_1.4.0.202007081208/tools/bin/../lib/gcc/arm-none-eabi/7.3.1/../../../../arm-none-eabi/lib/thumb/v7e-m/fpv4-sp/hard/crt0.o (exit)
c:/st/stm32cubeide_1.4.0/stm32cubeide/plugins/com.st.stm32cube.ide.mcu.externaltools.gnu-tools-for-stm32.7-2018-q2-update.win32_1.4.0.202007081208/tools/bin/../lib/gcc/arm-none-eabi/7.3.1/../../../../arm-none-eabi/lib/thumb/v7e-m/fpv4-sp/hard\libc_nano.a(lib_a-impure.o)
                              c:/st/stm32cubeide_1.4.0/stm32cubeide/plugins/com.st.stm32cube.ide.mcu.externaltools.gnu-tools-for-stm32.7-2018-q2-update.win32_1.4.0.202007081208/tools/bin/../lib/gcc/arm-none-eabi/7.3.1/../../../../arm-none-eabi/lib/thumb/v7e-m/fpv4-sp/hard\libc_nano.a(lib_a-exit.o) (_global_impure_ptr)
c:/st/stm32cubeide_1.4.0/stm32cubeide/plugins/com.st.stm32cube.ide.mcu.externaltools.gnu-tools-for-stm32.7-2018-q2-update.win32_1.4.0.202007081208/tools/bin/../lib/gcc/arm-none-eabi/7.3.1/../../../../arm-none-eabi/lib/thumb/v7e-m/fpv4-sp/hard\libc_nano.a(lib_a-init.o)
                              c:/st/stm32cubeide_1.4.0/stm32cubeide/plugins/com.st.stm32cube.ide.mcu.externaltools.gnu-tools-for-stm32.7-2018-q2-update.win32_1.4.0.202007081208/tools/bin/../lib/gcc/arm-none-eabi/7.3.1/../../../../arm-none-eabi/lib/thumb/v7e-m/fpv4-sp/hard/crt0.o (__libc_init_array)
c:/st/stm32cubeide_1.4.0/stm32cubeide/plugins/com.st.stm32cube.ide.mcu.externaltools.gnu-tools-for-stm32.7-2018-q2-update.win32_1.4.0.202007081208/tools/bin/../lib/gcc/arm-none-eabi/7.3.1/../../../../arm-none-eabi/lib/thumb/v7e-m/fpv4-sp/hard\libc_nano.a(lib_a-locale.o)
                              Core/Src/display.o (__locale_ctype_ptr)
c:/st/stm32cubeide_1.4.0/stm32cubeide/plugins/com.st.stm32cube.ide.mcu.externaltools.gnu-tools-for-stm32.7-2018-q2-update.win32_1.4.0.202007081208/tools/bin/../lib/gcc/arm-none-eabi/7.3.1/../../../../arm-none-eabi/lib/thumb/v7e-m/fpv4-sp/hard\libc_nano.a(lib_a-mbtowc_r.o)
                              c:/st/stm32cubeide_1.4.0/stm32cubeide/plugins/com.st.stm32cube.ide.mcu.externaltools.gnu-tools-for-stm32.7-2018-q2-update.win32_1.4.0.202007081208/tools/bin/../lib/gcc/arm-none-eabi/7.3.1/../../../../arm-none-eabi/lib/thumb/v7e-m/fpv4-sp/hard\libc_nano.a(lib_a-locale.o) (__ascii_mbtowc)
c:/st/stm32cubeide_1.4.0/stm32cubeide/plugins/com.st.stm32cube.ide.mcu.externaltools.gnu-tools-for-stm32.7-2018-q2-update.win32_1.4.0.202007081208/tools/bin/../lib/gcc/arm-none-eabi/7.3.1/../../../../arm-none-eabi/lib/thumb/v7e-m/fpv4-sp/hard\libc_nano.a(lib_a-memset.o)
                              c:/st/stm32cubeide_1.4.0/stm32cubeide/plugins/com.st.stm32cube.ide.mcu.externaltools.gnu-tools-for-stm32.7-2018-q2-update.win32_1.4.0.202007081208/tools/bin/../lib/gcc/arm-none-eabi/7.3.1/../../../../arm-none-eabi/lib/thumb/v7e-m/fpv4-sp/hard/crt0.o (memset)
c:/st/stm32cubeide_1.4.0/stm32cubeide/plugins/com.st.stm32cube.ide.mcu.externaltools.gnu-tools-for-stm32.7-2018-q2-update.win32_1.4.0.202007081208/tools/bin/../lib/gcc/arm-none-eabi/7.3.1/../../../../arm-none-eabi/lib/thumb/v7e-m/fpv4-sp/hard\libc_nano.a(lib_a-strcmp.o)
                              c:/st/stm32cubeide_1.4.0/stm32cubeide/plugins/com.st.stm32cube.ide.mcu.externaltools.gnu-tools-for-stm32.7-2018-q2-update.win32_1.4.0.202007081208/tools/bin/../lib/gcc/arm-none-eabi/7.3.1/../../../../arm-none-eabi/lib/thumb/v7e-m/fpv4-sp/hard\libc_nano.a(lib_a-locale.o) (strcmp)
c:/st/stm32cubeide_1.4.0/stm32cubeide/plugins/com.st.stm32cube.ide.mcu.externaltools.gnu-tools-for-stm32.7-2018-q2-update.win32_1.4.0.202007081208/tools/bin/../lib/gcc/arm-none-eabi/7.3.1/../../../../arm-none-eabi/lib/thumb/v7e-m/fpv4-sp/hard\libc_nano.a(lib_a-wctomb_r.o)
                              c:/st/stm32cubeide_1.4.0/stm32cubeide/plugins/com.st.stm32cube.ide.mcu.externaltools.gnu-tools-for-stm32.7-2018-q2-update.win32_1.4.0.202007081208/tools/bin/../lib/gcc/arm-none-eabi/7.3.1/../../../../arm-none-eabi/lib/thumb/v7e-m/fpv4-sp/hard\libc_nano.a(lib_a-locale.o) (__ascii_wctomb)
[...]
Memory Configuration

Name             Origin             Length             Attributes
CCMRAM           0x0000000010000000 0x0000000000001000 xrw
RAM              0x0000000020000000 0x0000000000003000 xrw
FLASH            0x0000000008000000 0x0000000000010000 xr
*default*        0x0000000000000000 0xffffffffffffffff

Linker script and memory map

LOAD c:/st/stm32cubeide_1.4.0/stm32cubeide/plugins/com.st.stm32cube.ide.mcu.externaltools.gnu-tools-for-stm32.7-2018-q2-update.win32_1.4.0.202007081208/tools/bin/../lib/gcc/arm-none-eabi/7.3.1/thumb/v7e-m/fpv4-sp/hard/crti.o
LOAD c:/st/stm32cubeide_1.4.0/stm32cubeide/plugins/com.st.stm32cube.ide.mcu.externaltools.gnu-tools-for-stm32.7-2018-q2-update.win32_1.4.0.202007081208/tools/bin/../lib/gcc/arm-none-eabi/7.3.1/thumb/v7e-m/fpv4-sp/hard/crtbegin.o
LOAD c:/st/stm32cubeide_1.4.0/stm32cubeide/plugins/com.st.stm32cube.ide.mcu.externaltools.gnu-tools-for-stm32.7-2018-q2-update.win32_1.4.0.202007081208/tools/bin/../lib/gcc/arm-none-eabi/7.3.1/../../../../arm-none-eabi/lib/thumb/v7e-m/fpv4-sp/hard/crt0.o
LOAD Core/Src/display.o
LOAD Core/Src/gpio.o
LOAD Core/Src/main.o
LOAD Core/Src/stm32f3xx_it.o
LOAD Core/Src/syscalls.o
LOAD Core/Src/sysmem.o
LOAD Core/Src/system_stm32f3xx.o
LOAD Core/Src/tim.o
LOAD Core/Startup/startup_stm32f303k8tx.o
LOAD Drivers/STM32F3xx_HAL_Driver/Src/stm32f3xx_ll_dma.o
LOAD Drivers/STM32F3xx_HAL_Driver/Src/stm32f3xx_ll_exti.o
LOAD Drivers/STM32F3xx_HAL_Driver/Src/stm32f3xx_ll_gpio.o
LOAD Drivers/STM32F3xx_HAL_Driver/Src/stm32f3xx_ll_rcc.o
LOAD Drivers/STM32F3xx_HAL_Driver/Src/stm32f3xx_ll_tim.o
LOAD Drivers/STM32F3xx_HAL_Driver/Src/stm32f3xx_ll_utils.o
START GROUP
LOAD c:/st/stm32cubeide_1.4.0/stm32cubeide/plugins/com.st.stm32cube.ide.mcu.externaltools.gnu-tools-for-stm32.7-2018-q2-update.win32_1.4.0.202007081208/tools/bin/../lib/gcc/arm-none-eabi/7.3.1/../../../../arm-none-eabi/lib/thumb/v7e-m/fpv4-sp/hard\libc_nano.a
LOAD c:/st/stm32cubeide_1.4.0/stm32cubeide/plugins/com.st.stm32cube.ide.mcu.externaltools.gnu-tools-for-stm32.7-2018-q2-update.win32_1.4.0.202007081208/tools/bin/../lib/gcc/arm-none-eabi/7.3.1/../../../../arm-none-eabi/lib/thumb/v7e-m/fpv4-sp/hard\libm.a
END GROUP
START GROUP
LOAD c:/st/stm32cubeide_1.4.0/stm32cubeide/plugins/com.st.stm32cube.ide.mcu.externaltools.gnu-tools-for-stm32.7-2018-q2-update.win32_1.4.0.202007081208/tools/bin/../lib/gcc/arm-none-eabi/7.3.1/thumb/v7e-m/fpv4-sp/hard\libgcc.a
LOAD c:/st/stm32cubeide_1.4.0/stm32cubeide/plugins/com.st.stm32cube.ide.mcu.externaltools.gnu-tools-for-stm32.7-2018-q2-update.win32_1.4.0.202007081208/tools/bin/../lib/gcc/arm-none-eabi/7.3.1/../../../../arm-none-eabi/lib/thumb/v7e-m/fpv4-sp/hard\libc_nano.a
END GROUP
START GROUP
LOAD c:/st/stm32cubeide_1.4.0/stm32cubeide/plugins/com.st.stm32cube.ide.mcu.externaltools.gnu-tools-for-stm32.7-2018-q2-update.win32_1.4.0.202007081208/tools/bin/../lib/gcc/arm-none-eabi/7.3.1/thumb/v7e-m/fpv4-sp/hard\libgcc.a
LOAD c:/st/stm32cubeide_1.4.0/stm32cubeide/plugins/com.st.stm32cube.ide.mcu.externaltools.gnu-tools-for-stm32.7-2018-q2-update.win32_1.4.0.202007081208/tools/bin/../lib/gcc/arm-none-eabi/7.3.1/../../../../arm-none-eabi/lib/thumb/v7e-m/fpv4-sp/hard\libc_nano.a
LOAD c:/st/stm32cubeide_1.4.0/stm32cubeide/plugins/com.st.stm32cube.ide.mcu.externaltools.gnu-tools-for-stm32.7-2018-q2-update.win32_1.4.0.202007081208/tools/bin/../lib/gcc/arm-none-eabi/7.3.1/../../../../arm-none-eabi/lib/thumb/v7e-m/fpv4-sp/hard\libnosys.a
END GROUP
START GROUP
LOAD c:/st/stm32cubeide_1.4.0/stm32cubeide/plugins/com.st.stm32cube.ide.mcu.externaltools.gnu-tools-for-stm32.7-2018-q2-update.win32_1.4.0.202007081208/tools/bin/../lib/gcc/arm-none-eabi/7.3.1/thumb/v7e-m/fpv4-sp/hard\libgcc.a
LOAD c:/st/stm32cubeide_1.4.0/stm32cubeide/plugins/com.st.stm32cube.ide.mcu.externaltools.gnu-tools-for-stm32.7-2018-q2-update.win32_1.4.0.202007081208/tools/bin/../lib/gcc/arm-none-eabi/7.3.1/../../../../arm-none-eabi/lib/thumb/v7e-m/fpv4-sp/hard\libc_nano.a
LOAD c:/st/stm32cubeide_1.4.0/stm32cubeide/plugins/com.st.stm32cube.ide.mcu.externaltools.gnu-tools-for-stm32.7-2018-q2-update.win32_1.4.0.202007081208/tools/bin/../lib/gcc/arm-none-eabi/7.3.1/../../../../arm-none-eabi/lib/thumb/v7e-m/fpv4-sp/hard\libnosys.a
END GROUP
LOAD c:/st/stm32cubeide_1.4.0/stm32cubeide/plugins/com.st.stm32cube.ide.mcu.externaltools.gnu-tools-for-stm32.7-2018-q2-update.win32_1.4.0.202007081208/tools/bin/../lib/gcc/arm-none-eabi/7.3.1/thumb/v7e-m/fpv4-sp/hard/crtend.o
LOAD c:/st/stm32cubeide_1.4.0/stm32cubeide/plugins/com.st.stm32cube.ide.mcu.externaltools.gnu-tools-for-stm32.7-2018-q2-update.win32_1.4.0.202007081208/tools/bin/../lib/gcc/arm-none-eabi/7.3.1/thumb/v7e-m/fpv4-sp/hard/crtn.o
                0x0000000020003000                _estack = (ORIGIN (RAM) + LENGTH (RAM))
                0x0000000000000200                _Min_Heap_Size = 0x200
                0x0000000000000400                _Min_Stack_Size = 0x400

.isr_vector     0x0000000008000000      0x188
                0x0000000008000000                . = ALIGN (0x4)
 *(.isr_vector)
 .isr_vector    0x0000000008000000      0x188 Core/Startup/startup_stm32f303k8tx.o
                0x0000000008000000                g_pfnVectors
                0x0000000008000188                . = ALIGN (0x4)

.text           0x0000000008000188     0x1810
                0x0000000008000188                . = ALIGN (0x4)
 *(.text)
 .text          0x0000000008000188       0x40 c:/st/stm32cubeide_1.4.0/stm32cubeide/plugins/com.st.stm32cube.ide.mcu.externaltools.gnu-tools-for-stm32.7-2018-q2-update.win32_1.4.0.202007081208/tools/bin/../lib/gcc/arm-none-eabi/7.3.1/thumb/v7e-m/fpv4-sp/hard/crtbegin.o
 *(.text*)
 .text.LL_GPIO_SetOutputPin
                0x00000000080001c8       0x1c Core/Src/display.o
 .text.LL_GPIO_ResetOutputPin
                0x00000000080001e4       0x1c Core/Src/display.o
 .text.DISPLAY_displayCurStr
                0x0000000008000200       0x70 Core/Src/display.o
                0x0000000008000200                DISPLAY_displayCurStr
 .text.updAlphanumChar
                0x0000000008000270       0x58 Core/Src/display.o
                0x0000000008000270                updAlphanumChar
 .text.setDigit
                0x00000000080002c8       0x30 Core/Src/display.o
                0x00000000080002c8                setDigit
 .text.resAllSegments
                0x00000000080002f8       0x40 Core/Src/display.o
                0x00000000080002f8                resAllSegments
 .text.resAllDigits
                0x0000000008000338       0x40 Core/Src/display.o
                0x0000000008000338                resAllDigits
 .text.DISPLAY_shiftCurStr
                0x0000000008000378       0x34 Core/Src/display.o
                0x0000000008000378                DISPLAY_shiftCurStr
 .text.updCurPos
                0x00000000080003ac       0x38 Core/Src/display.o
                0x00000000080003ac                updCurPos
 .text.updShiftDir
                0x00000000080003e4       0x3c Core/Src/display.o
                0x00000000080003e4                updShiftDir
 .text.setCurStr
                0x0000000008000420       0x40 Core/Src/display.o
                0x0000000008000420                setCurStr
 .text.LL_AHB1_GRP1_EnableClock
                0x0000000008000460       0x30 Core/Src/gpio.o
 .text.LL_GPIO_ResetOutputPin
                0x0000000008000490       0x1c Core/Src/gpio.o
 .text.MX_GPIO_Init
                0x00000000080004ac       0x88 Core/Src/gpio.o
                0x00000000080004ac                MX_GPIO_Init
 .text.__NVIC_SetPriorityGrouping
                0x0000000008000534       0x48 Core/Src/main.o
 .text.LL_RCC_HSI_Enable
                0x000000000800057c       0x20 Core/Src/main.o
 .text.LL_RCC_HSI_IsReady
                0x000000000800059c       0x24 Core/Src/main.o
 .text.LL_RCC_HSI_SetCalibTrimming
                0x00000000080005c0       0x2c Core/Src/main.o
 .text.LL_RCC_SetSysClkSource
                0x00000000080005ec       0x28 Core/Src/main.o
 .text.LL_RCC_GetSysClkSource
                0x0000000008000614       0x1c Core/Src/main.o
 .text.LL_RCC_SetAHBPrescaler
                0x0000000008000630       0x28 Core/Src/main.o
 .text.LL_RCC_SetAPB1Prescaler
                0x0000000008000658       0x28 Core/Src/main.o
 .text.LL_RCC_SetAPB2Prescaler
                0x0000000008000680       0x28 Core/Src/main.o
 .text.LL_APB1_GRP1_EnableClock
                0x00000000080006a8       0x30 Core/Src/main.o
 .text.LL_APB2_GRP1_EnableClock
                0x00000000080006d8       0x30 Core/Src/main.o
 .text.LL_FLASH_SetLatency
                0x0000000008000708       0x28 Core/Src/main.o
 .text.LL_FLASH_GetLatency
                0x0000000008000730       0x1c Core/Src/main.o
 .text.main     0x000000000800074c       0x2a Core/Src/main.o
                0x000000000800074c                main
 *fill*         0x0000000008000776        0x2 
 .text.SystemClock_Config
                0x0000000008000778       0x64 Core/Src/main.o
                0x0000000008000778                SystemClock_Config
 .text.LL_TIM_ClearFlag_UPDATE
                0x00000000080007dc       0x1c Core/Src/stm32f3xx_it.o
 .text.LL_TIM_IsActiveFlag_UPDATE
                0x00000000080007f8       0x26 Core/Src/stm32f3xx_it.o
 .text.NMI_Handler
                0x000000000800081e        0xe Core/Src/stm32f3xx_it.o
                0x000000000800081e                NMI_Handler
 .text.HardFault_Handler
                0x000000000800082c        0x6 Core/Src/stm32f3xx_it.o
                0x000000000800082c                HardFault_Handler
 .text.MemManage_Handler
                0x0000000008000832        0x6 Core/Src/stm32f3xx_it.o
                0x0000000008000832                MemManage_Handler
 .text.BusFault_Handler
                0x0000000008000838        0x6 Core/Src/stm32f3xx_it.o
                0x0000000008000838                BusFault_Handler
 .text.UsageFault_Handler
                0x000000000800083e        0x6 Core/Src/stm32f3xx_it.o
                0x000000000800083e                UsageFault_Handler
 .text.SVC_Handler
                0x0000000008000844        0xe Core/Src/stm32f3xx_it.o
                0x0000000008000844                SVC_Handler
 .text.DebugMon_Handler
                0x0000000008000852        0xe Core/Src/stm32f3xx_it.o
                0x0000000008000852                DebugMon_Handler
 .text.PendSV_Handler
                0x0000000008000860        0xe Core/Src/stm32f3xx_it.o
                0x0000000008000860                PendSV_Handler
 .text.SysTick_Handler
                0x000000000800086e        0xe Core/Src/stm32f3xx_it.o
                0x000000000800086e                SysTick_Handler
 .text.TIM2_IRQHandler
                0x000000000800087c       0x22 Core/Src/stm32f3xx_it.o
                0x000000000800087c                TIM2_IRQHandler
 *fill*         0x000000000800089e        0x2 
 .text.TIM3_IRQHandler
                0x00000000080008a0       0x24 Core/Src/stm32f3xx_it.o
                0x00000000080008a0                TIM3_IRQHandler
 .text.SystemInit
                0x00000000080008c4       0x24 Core/Src/system_stm32f3xx.o
                0x00000000080008c4                SystemInit
 .text.__NVIC_GetPriorityGrouping
                0x00000000080008e8       0x1c Core/Src/tim.o
 .text.__NVIC_EnableIRQ
                0x0000000008000904       0x3c Core/Src/tim.o
 .text.__NVIC_SetPriority
                0x0000000008000940       0x54 Core/Src/tim.o
 .text.NVIC_EncodePriority
                0x0000000008000994       0x66 Core/Src/tim.o
 *fill*         0x00000000080009fa        0x2 
 .text.LL_APB1_GRP1_EnableClock
                0x00000000080009fc       0x30 Core/Src/tim.o
 .text.LL_TIM_EnableCounter
                0x0000000008000a2c       0x20 Core/Src/tim.o
 .text.LL_TIM_DisableARRPreload
                0x0000000008000a4c       0x20 Core/Src/tim.o
 .text.LL_TIM_OC_DisableFast
                0x0000000008000a6c       0xa4 Core/Src/tim.o
 .text.LL_TIM_SetClockSource
                0x0000000008000b10       0x2a Core/Src/tim.o
 .text.LL_TIM_SetTriggerOutput
                0x0000000008000b3a       0x26 Core/Src/tim.o
 .text.LL_TIM_DisableMasterSlaveMode
                0x0000000008000b60       0x20 Core/Src/tim.o
 .text.LL_TIM_EnableIT_UPDATE
                0x0000000008000b80       0x20 Core/Src/tim.o
 .text.MX_TIM2_Init
                0x0000000008000ba0       0xc4 Core/Src/tim.o
                0x0000000008000ba0                MX_TIM2_Init
 .text.MX_TIM3_Init
                0x0000000008000c64       0xbc Core/Src/tim.o
                0x0000000008000c64                MX_TIM3_Init
 .text.add_TIM2_Init
                0x0000000008000d20       0x18 Core/Src/tim.o
                0x0000000008000d20                add_TIM2_Init
 .text.add_TIM3_Init
                0x0000000008000d38       0x18 Core/Src/tim.o
                0x0000000008000d38                add_TIM3_Init
 .text.Reset_Handler
                0x0000000008000d50       0x50 Core/Startup/startup_stm32f303k8tx.o
                0x0000000008000d50                Reset_Handler
 .text.Default_Handler
                0x0000000008000da0        0x2 Core/Startup/startup_stm32f303k8tx.o
                0x0000000008000da0                RTC_Alarm_IRQHandler
                0x0000000008000da0                TIM1_CC_IRQHandler
                0x0000000008000da0                PVD_IRQHandler
                0x0000000008000da0                TAMP_STAMP_IRQHandler
                0x0000000008000da0                EXTI3_IRQHandler
                0x0000000008000da0                EXTI0_IRQHandler
                0x0000000008000da0                FPU_IRQHandler
                0x0000000008000da0                CAN_TX_IRQHandler
                0x0000000008000da0                TIM1_UP_TIM16_IRQHandler
                0x0000000008000da0                ADC1_2_IRQHandler
                0x0000000008000da0                SPI1_IRQHandler
                0x0000000008000da0                CAN_SCE_IRQHandler
                0x0000000008000da0                DMA1_Channel4_IRQHandler
                0x0000000008000da0                USART3_IRQHandler
                0x0000000008000da0                DMA1_Channel7_IRQHandler
                0x0000000008000da0                TIM7_DAC2_IRQHandler
                0x0000000008000da0                CAN_RX1_IRQHandler
                0x0000000008000da0                I2C1_EV_IRQHandler
                0x0000000008000da0                DMA1_Channel6_IRQHandler
                0x0000000008000da0                RCC_IRQHandler
                0x0000000008000da0                DMA1_Channel1_IRQHandler
                0x0000000008000da0                Default_Handler
                0x0000000008000da0                EXTI15_10_IRQHandler
                0x0000000008000da0                COMP2_IRQHandler
                0x0000000008000da0                TIM6_DAC1_IRQHandler
                0x0000000008000da0                EXTI9_5_IRQHandler
                0x0000000008000da0                RTC_WKUP_IRQHandler
                0x0000000008000da0                DMA1_Channel5_IRQHandler
                0x0000000008000da0                EXTI4_IRQHandler
                0x0000000008000da0                TIM1_TRG_COM_TIM17_IRQHandler
                0x0000000008000da0                DMA1_Channel3_IRQHandler
                0x0000000008000da0                WWDG_IRQHandler
                0x0000000008000da0                EXTI1_IRQHandler
                0x0000000008000da0                COMP4_6_IRQHandler
                0x0000000008000da0                USART2_IRQHandler
                0x0000000008000da0                DMA1_Channel2_IRQHandler
                0x0000000008000da0                FLASH_IRQHandler
                0x0000000008000da0                USART1_IRQHandler
                0x0000000008000da0                CAN_RX0_IRQHandler
                0x0000000008000da0                I2C1_ER_IRQHandler
                0x0000000008000da0                EXTI2_TSC_IRQHandler
                0x0000000008000da0                TIM1_BRK_TIM15_IRQHandler
 .text.LL_GPIO_SetPinMode
                0x0000000008000da2       0x5e Drivers/STM32F3xx_HAL_Driver/Src/stm32f3xx_ll_gpio.o
 .text.LL_GPIO_SetPinOutputType
                0x0000000008000e00       0x30 Drivers/STM32F3xx_HAL_Driver/Src/stm32f3xx_ll_gpio.o
 .text.LL_GPIO_SetPinSpeed
                0x0000000008000e30       0x5e Drivers/STM32F3xx_HAL_Driver/Src/stm32f3xx_ll_gpio.o
 .text.LL_GPIO_SetPinPull
                0x0000000008000e8e       0x5e Drivers/STM32F3xx_HAL_Driver/Src/stm32f3xx_ll_gpio.o
 .text.LL_GPIO_SetAFPin_0_7
                0x0000000008000eec       0x5e Drivers/STM32F3xx_HAL_Driver/Src/stm32f3xx_ll_gpio.o
 .text.LL_GPIO_SetAFPin_8_15
                0x0000000008000f4a       0x62 Drivers/STM32F3xx_HAL_Driver/Src/stm32f3xx_ll_gpio.o
 .text.LL_GPIO_Init
                0x0000000008000fac       0xe0 Drivers/STM32F3xx_HAL_Driver/Src/stm32f3xx_ll_gpio.o
                0x0000000008000fac                LL_GPIO_Init
 .text.LL_TIM_SetPrescaler
                0x000000000800108c       0x1c Drivers/STM32F3xx_HAL_Driver/Src/stm32f3xx_ll_tim.o
 .text.LL_TIM_SetAutoReload
                0x00000000080010a8       0x1c Drivers/STM32F3xx_HAL_Driver/Src/stm32f3xx_ll_tim.o
 .text.LL_TIM_SetRepetitionCounter
                0x00000000080010c4       0x1c Drivers/STM32F3xx_HAL_Driver/Src/stm32f3xx_ll_tim.o
 .text.LL_TIM_OC_SetCompareCH1
                0x00000000080010e0       0x1c Drivers/STM32F3xx_HAL_Driver/Src/stm32f3xx_ll_tim.o
 .text.LL_TIM_OC_SetCompareCH2
                0x00000000080010fc       0x1c Drivers/STM32F3xx_HAL_Driver/Src/stm32f3xx_ll_tim.o
 .text.LL_TIM_OC_SetCompareCH3
                0x0000000008001118       0x1c Drivers/STM32F3xx_HAL_Driver/Src/stm32f3xx_ll_tim.o
 .text.LL_TIM_OC_SetCompareCH4
                0x0000000008001134       0x1c Drivers/STM32F3xx_HAL_Driver/Src/stm32f3xx_ll_tim.o
 .text.LL_TIM_OC_SetCompareCH5
                0x0000000008001150       0x20 Drivers/STM32F3xx_HAL_Driver/Src/stm32f3xx_ll_tim.o
 .text.LL_TIM_OC_SetCompareCH6
                0x0000000008001170       0x1c Drivers/STM32F3xx_HAL_Driver/Src/stm32f3xx_ll_tim.o
 .text.LL_TIM_GenerateEvent_UPDATE
                0x000000000800118c       0x20 Drivers/STM32F3xx_HAL_Driver/Src/stm32f3xx_ll_tim.o
 .text.LL_TIM_Init
                0x00000000080011ac       0xe4 Drivers/STM32F3xx_HAL_Driver/Src/stm32f3xx_ll_tim.o
                0x00000000080011ac                LL_TIM_Init
 .text.LL_TIM_OC_Init
                0x0000000008001290       0x9a Drivers/STM32F3xx_HAL_Driver/Src/stm32f3xx_ll_tim.o
                0x0000000008001290                LL_TIM_OC_Init
 *fill*         0x000000000800132a        0x2 
 .text.OC1Config
                0x000000000800132c       0xf4 Drivers/STM32F3xx_HAL_Driver/Src/stm32f3xx_ll_tim.o
 .text.OC2Config
                0x0000000008001420       0xfc Drivers/STM32F3xx_HAL_Driver/Src/stm32f3xx_ll_tim.o
 .text.OC3Config
                0x000000000800151c       0xfc Drivers/STM32F3xx_HAL_Driver/Src/stm32f3xx_ll_tim.o
 .text.OC4Config
                0x0000000008001618       0xcc Drivers/STM32F3xx_HAL_Driver/Src/stm32f3xx_ll_tim.o
 .text.OC5Config
                0x00000000080016e4       0xbc Drivers/STM32F3xx_HAL_Driver/Src/stm32f3xx_ll_tim.o
 .text.OC6Config
                0x00000000080017a0       0xbc Drivers/STM32F3xx_HAL_Driver/Src/stm32f3xx_ll_tim.o
 .text.LL_InitTick
                0x000000000800185c       0x34 Drivers/STM32F3xx_HAL_Driver/Src/stm32f3xx_ll_utils.o
 .text.LL_Init1msTick
                0x0000000008001890       0x1a Drivers/STM32F3xx_HAL_Driver/Src/stm32f3xx_ll_utils.o
                0x0000000008001890                LL_Init1msTick
 *fill*         0x00000000080018aa        0x2 
 .text.LL_SetSystemCoreClock
                0x00000000080018ac       0x20 Drivers/STM32F3xx_HAL_Driver/Src/stm32f3xx_ll_utils.o
                0x00000000080018ac                LL_SetSystemCoreClock
 .text.__libc_init_array
                0x00000000080018cc       0x48 c:/st/stm32cubeide_1.4.0/stm32cubeide/plugins/com.st.stm32cube.ide.mcu.externaltools.gnu-tools-for-stm32.7-2018-q2-update.win32_1.4.0.202007081208/tools/bin/../lib/gcc/arm-none-eabi/7.3.1/../../../../arm-none-eabi/lib/thumb/v7e-m/fpv4-sp/hard\libc_nano.a(lib_a-init.o)
                0x00000000080018cc                __libc_init_array
 .text.__locale_ctype_ptr
                0x0000000008001914       0x1c c:/st/stm32cubeide_1.4.0/stm32cubeide/plugins/com.st.stm32cube.ide.mcu.externaltools.gnu-tools-for-stm32.7-2018-q2-update.win32_1.4.0.202007081208/tools/bin/../lib/gcc/arm-none-eabi/7.3.1/../../../../arm-none-eabi/lib/thumb/v7e-m/fpv4-sp/hard\libc_nano.a(lib_a-locale.o)
                0x0000000008001914                __locale_ctype_ptr
 .text.__ascii_mbtowc
                0x0000000008001930       0x24 c:/st/stm32cubeide_1.4.0/stm32cubeide/plugins/com.st.stm32cube.ide.mcu.externaltools.gnu-tools-for-stm32.7-2018-q2-update.win32_1.4.0.202007081208/tools/bin/../lib/gcc/arm-none-eabi/7.3.1/../../../../arm-none-eabi/lib/thumb/v7e-m/fpv4-sp/hard\libc_nano.a(lib_a-mbtowc_r.o)
                0x0000000008001930                __ascii_mbtowc
 .text.memset   0x0000000008001954       0x10 c:/st/stm32cubeide_1.4.0/stm32cubeide/plugins/com.st.stm32cube.ide.mcu.externaltools.gnu-tools-for-stm32.7-2018-q2-update.win32_1.4.0.202007081208/tools/bin/../lib/gcc/arm-none-eabi/7.3.1/../../../../arm-none-eabi/lib/thumb/v7e-m/fpv4-sp/hard\libc_nano.a(lib_a-memset.o)
                0x0000000008001954                memset
 .text.__ascii_wctomb
                0x0000000008001964       0x1a c:/st/stm32cubeide_1.4.0/stm32cubeide/plugins/com.st.stm32cube.ide.mcu.externaltools.gnu-tools-for-stm32.7-2018-q2-update.win32_1.4.0.202007081208/tools/bin/../lib/gcc/arm-none-eabi/7.3.1/../../../../arm-none-eabi/lib/thumb/v7e-m/fpv4-sp/hard\libc_nano.a(lib_a-wctomb_r.o)
                0x0000000008001964                __ascii_wctomb
 *(.glue_7)
 .glue_7        0x000000000800197e        0x0 linker stubs
 *(.glue_7t)
 .glue_7t       0x000000000800197e        0x0 linker stubs
 *(.eh_frame)
 *fill*         0x000000000800197e        0x2 
 .eh_frame      0x0000000008001980        0x0 c:/st/stm32cubeide_1.4.0/stm32cubeide/plugins/com.st.stm32cube.ide.mcu.externaltools.gnu-tools-for-stm32.7-2018-q2-update.win32_1.4.0.202007081208/tools/bin/../lib/gcc/arm-none-eabi/7.3.1/thumb/v7e-m/fpv4-sp/hard/crtbegin.o
 *(.init)
 .init          0x0000000008001980        0x4 c:/st/stm32cubeide_1.4.0/stm32cubeide/plugins/com.st.stm32cube.ide.mcu.externaltools.gnu-tools-for-stm32.7-2018-q2-update.win32_1.4.0.202007081208/tools/bin/../lib/gcc/arm-none-eabi/7.3.1/thumb/v7e-m/fpv4-sp/hard/crti.o
                0x0000000008001980                _init
 .init          0x0000000008001984        0x8 c:/st/stm32cubeide_1.4.0/stm32cubeide/plugins/com.st.stm32cube.ide.mcu.externaltools.gnu-tools-for-stm32.7-2018-q2-update.win32_1.4.0.202007081208/tools/bin/../lib/gcc/arm-none-eabi/7.3.1/thumb/v7e-m/fpv4-sp/hard/crtn.o
 *(.fini)
 .fini          0x000000000800198c        0x4 c:/st/stm32cubeide_1.4.0/stm32cubeide/plugins/com.st.stm32cube.ide.mcu.externaltools.gnu-tools-for-stm32.7-2018-q2-update.win32_1.4.0.202007081208/tools/bin/../lib/gcc/arm-none-eabi/7.3.1/thumb/v7e-m/fpv4-sp/hard/crti.o
                0x000000000800198c                _fini
 .fini          0x0000000008001990        0x8 c:/st/stm32cubeide_1.4.0/stm32cubeide/plugins/com.st.stm32cube.ide.mcu.externaltools.gnu-tools-for-stm32.7-2018-q2-update.win32_1.4.0.202007081208/tools/bin/../lib/gcc/arm-none-eabi/7.3.1/thumb/v7e-m/fpv4-sp/hard/crtn.o
                0x0000000008001998                . = ALIGN (0x4)
                0x0000000008001998                _etext = .

.vfp11_veneer   0x0000000008001998        0x0
 .vfp11_veneer  0x0000000008001998        0x0 linker stubs

.v4_bx          0x0000000008001998        0x0
 .v4_bx         0x0000000008001998        0x0 linker stubs

.iplt           0x0000000008001998        0x0
 .iplt          0x0000000008001998        0x0 c:/st/stm32cubeide_1.4.0/stm32cubeide/plugins/com.st.stm32cube.ide.mcu.externaltools.gnu-tools-for-stm32.7-2018-q2-update.win32_1.4.0.202007081208/tools/bin/../lib/gcc/arm-none-eabi/7.3.1/thumb/v7e-m/fpv4-sp/hard/crtbegin.o

.rodata         0x0000000008001998      0x16c
                0x0000000008001998                . = ALIGN (0x4)
 *(.rodata)
 *(.rodata*)
 .rodata.segVal_ASCII
                0x0000000008001998       0x4b Core/Src/display.o
                0x0000000008001998                segVal_ASCII
 *fill*         0x00000000080019e3        0x1 
 .rodata.OFFSET_TAB_CCMRx
                0x00000000080019e4        0x9 Core/Src/tim.o
 *fill*         0x00000000080019ed        0x3 
 .rodata.SHIFT_TAB_OCxx
                0x00000000080019f0        0x9 Core/Src/tim.o
 .rodata._setlocale_r.str1.1
                0x00000000080019f9        0x8 c:/st/stm32cubeide_1.4.0/stm32cubeide/plugins/com.st.stm32cube.ide.mcu.externaltools.gnu-tools-for-stm32.7-2018-q2-update.win32_1.4.0.202007081208/tools/bin/../lib/gcc/arm-none-eabi/7.3.1/../../../../arm-none-eabi/lib/thumb/v7e-m/fpv4-sp/hard\libc_nano.a(lib_a-locale.o)
                                          0x9 (size before relaxing)
 .rodata.str1.1
                0x0000000008001a01        0x2 c:/st/stm32cubeide_1.4.0/stm32cubeide/plugins/com.st.stm32cube.ide.mcu.externaltools.gnu-tools-for-stm32.7-2018-q2-update.win32_1.4.0.202007081208/tools/bin/../lib/gcc/arm-none-eabi/7.3.1/../../../../arm-none-eabi/lib/thumb/v7e-m/fpv4-sp/hard\libc_nano.a(lib_a-locale.o)
 .rodata._ctype_
                0x0000000008001a03      0x101 c:/st/stm32cubeide_1.4.0/stm32cubeide/plugins/com.st.stm32cube.ide.mcu.externaltools.gnu-tools-for-stm32.7-2018-q2-update.win32_1.4.0.202007081208/tools/bin/../lib/gcc/arm-none-eabi/7.3.1/../../../../arm-none-eabi/lib/thumb/v7e-m/fpv4-sp/hard\libc_nano.a(lib_a-ctype_.o)
                0x0000000008001a03                _ctype_
                0x0000000008001b04                . = ALIGN (0x4)

.rel.dyn        0x0000000008001b04        0x0
 .rel.iplt      0x0000000008001b04        0x0 c:/st/stm32cubeide_1.4.0/stm32cubeide/plugins/com.st.stm32cube.ide.mcu.externaltools.gnu-tools-for-stm32.7-2018-q2-update.win32_1.4.0.202007081208/tools/bin/../lib/gcc/arm-none-eabi/7.3.1/thumb/v7e-m/fpv4-sp/hard/crtbegin.o

.ARM.extab      0x0000000008001b04        0x0
                0x0000000008001b04                . = ALIGN (0x4)
 *(.ARM.extab* .gnu.linkonce.armextab.*)
                0x0000000008001b04                . = ALIGN (0x4)

.ARM            0x0000000008001b04        0x0
                0x0000000008001b04                . = ALIGN (0x4)
                0x0000000008001b04                __exidx_start = .
 *(.ARM.exidx*)
                0x0000000008001b04                __exidx_end = .
                0x0000000008001b04                . = ALIGN (0x4)

.preinit_array  0x0000000008001b04        0x0
                0x0000000008001b04                . = ALIGN (0x4)
                0x0000000008001b04                PROVIDE (__preinit_array_start = .)
 *(.preinit_array*)
                0x0000000008001b04                PROVIDE (__preinit_array_end = .)
                0x0000000008001b04                . = ALIGN (0x4)

.init_array     0x0000000008001b04        0x4
                0x0000000008001b04                . = ALIGN (0x4)
                0x0000000008001b04                PROVIDE (__init_array_start = .)
 *(SORT_BY_NAME(.init_array.*))
 *(.init_array*)
 .init_array    0x0000000008001b04        0x4 c:/st/stm32cubeide_1.4.0/stm32cubeide/plugins/com.st.stm32cube.ide.mcu.externaltools.gnu-tools-for-stm32.7-2018-q2-update.win32_1.4.0.202007081208/tools/bin/../lib/gcc/arm-none-eabi/7.3.1/thumb/v7e-m/fpv4-sp/hard/crtbegin.o
                0x0000000008001b08                PROVIDE (__init_array_end = .)
                0x0000000008001b08                . = ALIGN (0x4)

.fini_array     0x0000000008001b08        0x4
                0x0000000008001b08                . = ALIGN (0x4)
                [!provide]                        PROVIDE (__fini_array_start = .)
 *(SORT_BY_NAME(.fini_array.*))
 *(.fini_array*)
 .fini_array    0x0000000008001b08        0x4 c:/st/stm32cubeide_1.4.0/stm32cubeide/plugins/com.st.stm32cube.ide.mcu.externaltools.gnu-tools-for-stm32.7-2018-q2-update.win32_1.4.0.202007081208/tools/bin/../lib/gcc/arm-none-eabi/7.3.1/thumb/v7e-m/fpv4-sp/hard/crtbegin.o
                [!provide]                        PROVIDE (__fini_array_end = .)
                0x0000000008001b0c                . = ALIGN (0x4)
                0x0000000008001b0c                _sidata = LOADADDR (.data)

.data           0x0000000020000000      0x248 load address 0x0000000008001b0c
                0x0000000020000000                . = ALIGN (0x4)
                0x0000000020000000                _sdata = .
 *(.data)
 *(.data*)
 .data.complStr
                0x0000000020000000       0x14 Core/Src/display.o
                0x0000000020000000                complStr
 .data.complStrLen
                0x0000000020000014        0x1 Core/Src/display.o
                0x0000000020000014                complStrLen
 *fill*         0x0000000020000015        0x3 
 .data.seg_Ports
                0x0000000020000018       0x1c Core/Src/display.o
                0x0000000020000018                seg_Ports
 .data.seg_Pins
                0x0000000020000034       0x1c Core/Src/display.o
                0x0000000020000034                seg_Pins
 .data.dig_Ports
                0x0000000020000050       0x10 Core/Src/display.o
                0x0000000020000050                dig_Ports
 .data.dig_Pins
                0x0000000020000060       0x10 Core/Src/display.o
                0x0000000020000060                dig_Pins
 .data.shiftDir.7863
                0x0000000020000070        0x1 Core/Src/display.o
 *fill*         0x0000000020000071        0x3 
 .data.SystemCoreClock
                0x0000000020000074        0x4 Core/Src/system_stm32f3xx.o
                0x0000000020000074                SystemCoreClock
 .data._impure_ptr
                0x0000000020000078        0x4 c:/st/stm32cubeide_1.4.0/stm32cubeide/plugins/com.st.stm32cube.ide.mcu.externaltools.gnu-tools-for-stm32.7-2018-q2-update.win32_1.4.0.202007081208/tools/bin/../lib/gcc/arm-none-eabi/7.3.1/../../../../arm-none-eabi/lib/thumb/v7e-m/fpv4-sp/hard\libc_nano.a(lib_a-impure.o)
                0x0000000020000078                _impure_ptr
 .data.impure_data
                0x000000002000007c       0x60 c:/st/stm32cubeide_1.4.0/stm32cubeide/plugins/com.st.stm32cube.ide.mcu.externaltools.gnu-tools-for-stm32.7-2018-q2-update.win32_1.4.0.202007081208/tools/bin/../lib/gcc/arm-none-eabi/7.3.1/../../../../arm-none-eabi/lib/thumb/v7e-m/fpv4-sp/hard\libc_nano.a(lib_a-impure.o)
 .data.__global_locale
                0x00000000200000dc      0x16c c:/st/stm32cubeide_1.4.0/stm32cubeide/plugins/com.st.stm32cube.ide.mcu.externaltools.gnu-tools-for-stm32.7-2018-q2-update.win32_1.4.0.202007081208/tools/bin/../lib/gcc/arm-none-eabi/7.3.1/../../../../arm-none-eabi/lib/thumb/v7e-m/fpv4-sp/hard\libc_nano.a(lib_a-locale.o)
                0x00000000200000dc                __global_locale
                0x0000000020000248                . = ALIGN (0x4)
                0x0000000020000248                _edata = .

.igot.plt       0x0000000020000248        0x0 load address 0x0000000008001d54
 .igot.plt      0x0000000020000248        0x0 c:/st/stm32cubeide_1.4.0/stm32cubeide/plugins/com.st.stm32cube.ide.mcu.externaltools.gnu-tools-for-stm32.7-2018-q2-update.win32_1.4.0.202007081208/tools/bin/../lib/gcc/arm-none-eabi/7.3.1/thumb/v7e-m/fpv4-sp/hard/crtbegin.o
                0x0000000020000248                . = ALIGN (0x4)

.bss            0x0000000020000248       0x24 load address 0x0000000008001d54
                0x0000000020000248                _sbss = .
                0x0000000020000248                __bss_start__ = _sbss
 *(.bss)
 .bss           0x0000000020000248       0x1c c:/st/stm32cubeide_1.4.0/stm32cubeide/plugins/com.st.stm32cube.ide.mcu.externaltools.gnu-tools-for-stm32.7-2018-q2-update.win32_1.4.0.202007081208/tools/bin/../lib/gcc/arm-none-eabi/7.3.1/thumb/v7e-m/fpv4-sp/hard/crtbegin.o
 *(.bss*)
 .bss.curActDig.7834
                0x0000000020000264        0x1 Core/Src/display.o
 .bss.curPos.7862
                0x0000000020000265        0x1 Core/Src/display.o
 *(COMMON)
 *fill*         0x0000000020000266        0x2 
 COMMON         0x0000000020000268        0x4 Core/Src/display.o
                0x0000000020000268                curStr
                0x000000002000026c                . = ALIGN (0x4)
                0x000000002000026c                _ebss = .
                0x000000002000026c                __bss_end__ = _ebss

._user_heap_stack
                0x000000002000026c      0x604 load address 0x0000000008001d54
                0x0000000020000270                . = ALIGN (0x8)
 *fill*         0x000000002000026c        0x4 
                [!provide]                        PROVIDE (end = .)
                0x0000000020000270                PROVIDE (_end = .)
                0x0000000020000470                . = (. + _Min_Heap_Size)
 *fill*         0x0000000020000270      0x200 
                0x0000000020000870                . = (. + _Min_Stack_Size)
 *fill*         0x0000000020000470      0x400 
                0x0000000020000870                . = ALIGN (0x8)

/DISCARD/
 libc.a(*)
 libm.a(*)
 libgcc.a(*)

.ARM.attributes
                0x0000000000000000       0x30
 *(.ARM.attributes)
 .ARM.attributes
                0x0000000000000000       0x22 c:/st/stm32cubeide_1.4.0/stm32cubeide/plugins/com.st.stm32cube.ide.mcu.externaltools.gnu-tools-for-stm32.7-2018-q2-update.win32_1.4.0.202007081208/tools/bin/../lib/gcc/arm-none-eabi/7.3.1/thumb/v7e-m/fpv4-sp/hard/crti.o
 .ARM.attributes
                0x0000000000000022       0x34 c:/st/stm32cubeide_1.4.0/stm32cubeide/plugins/com.st.stm32cube.ide.mcu.externaltools.gnu-tools-for-stm32.7-2018-q2-update.win32_1.4.0.202007081208/tools/bin/../lib/gcc/arm-none-eabi/7.3.1/thumb/v7e-m/fpv4-sp/hard/crtbegin.o
 .ARM.attributes
                0x0000000000000056       0x39 Core/Src/display.o
 .ARM.attributes
                0x000000000000008f       0x39 Core/Src/gpio.o
 .ARM.attributes
                0x00000000000000c8       0x39 Core/Src/main.o
 .ARM.attributes
                0x0000000000000101       0x39 Core/Src/stm32f3xx_it.o
 .ARM.attributes
                0x000000000000013a       0x39 Core/Src/system_stm32f3xx.o
 .ARM.attributes
                0x0000000000000173       0x39 Core/Src/tim.o
 .ARM.attributes
                0x00000000000001ac       0x21 Core/Startup/startup_stm32f303k8tx.o
 .ARM.attributes
                0x00000000000001cd       0x39 Drivers/STM32F3xx_HAL_Driver/Src/stm32f3xx_ll_gpio.o
 .ARM.attributes
                0x0000000000000206       0x39 Drivers/STM32F3xx_HAL_Driver/Src/stm32f3xx_ll_tim.o
 .ARM.attributes
                0x000000000000023f       0x39 Drivers/STM32F3xx_HAL_Driver/Src/stm32f3xx_ll_utils.o
 .ARM.attributes
                0x0000000000000278       0x34 c:/st/stm32cubeide_1.4.0/stm32cubeide/plugins/com.st.stm32cube.ide.mcu.externaltools.gnu-tools-for-stm32.7-2018-q2-update.win32_1.4.0.202007081208/tools/bin/../lib/gcc/arm-none-eabi/7.3.1/../../../../arm-none-eabi/lib/thumb/v7e-m/fpv4-sp/hard\libc_nano.a(lib_a-impure.o)
 .ARM.attributes
                0x00000000000002ac       0x34 c:/st/stm32cubeide_1.4.0/stm32cubeide/plugins/com.st.stm32cube.ide.mcu.externaltools.gnu-tools-for-stm32.7-2018-q2-update.win32_1.4.0.202007081208/tools/bin/../lib/gcc/arm-none-eabi/7.3.1/../../../../arm-none-eabi/lib/thumb/v7e-m/fpv4-sp/hard\libc_nano.a(lib_a-init.o)
 .ARM.attributes
                0x00000000000002e0       0x34 c:/st/stm32cubeide_1.4.0/stm32cubeide/plugins/com.st.stm32cube.ide.mcu.externaltools.gnu-tools-for-stm32.7-2018-q2-update.win32_1.4.0.202007081208/tools/bin/../lib/gcc/arm-none-eabi/7.3.1/../../../../arm-none-eabi/lib/thumb/v7e-m/fpv4-sp/hard\libc_nano.a(lib_a-locale.o)
 .ARM.attributes
                0x0000000000000314       0x34 c:/st/stm32cubeide_1.4.0/stm32cubeide/plugins/com.st.stm32cube.ide.mcu.externaltools.gnu-tools-for-stm32.7-2018-q2-update.win32_1.4.0.202007081208/tools/bin/../lib/gcc/arm-none-eabi/7.3.1/../../../../arm-none-eabi/lib/thumb/v7e-m/fpv4-sp/hard\libc_nano.a(lib_a-mbtowc_r.o)
 .ARM.attributes
                0x0000000000000348       0x34 c:/st/stm32cubeide_1.4.0/stm32cubeide/plugins/com.st.stm32cube.ide.mcu.externaltools.gnu-tools-for-stm32.7-2018-q2-update.win32_1.4.0.202007081208/tools/bin/../lib/gcc/arm-none-eabi/7.3.1/../../../../arm-none-eabi/lib/thumb/v7e-m/fpv4-sp/hard\libc_nano.a(lib_a-memset.o)
 .ARM.attributes
                0x000000000000037c       0x34 c:/st/stm32cubeide_1.4.0/stm32cubeide/plugins/com.st.stm32cube.ide.mcu.externaltools.gnu-tools-for-stm32.7-2018-q2-update.win32_1.4.0.202007081208/tools/bin/../lib/gcc/arm-none-eabi/7.3.1/../../../../arm-none-eabi/lib/thumb/v7e-m/fpv4-sp/hard\libc_nano.a(lib_a-wctomb_r.o)
 .ARM.attributes
                0x00000000000003b0       0x34 c:/st/stm32cubeide_1.4.0/stm32cubeide/plugins/com.st.stm32cube.ide.mcu.externaltools.gnu-tools-for-stm32.7-2018-q2-update.win32_1.4.0.202007081208/tools/bin/../lib/gcc/arm-none-eabi/7.3.1/../../../../arm-none-eabi/lib/thumb/v7e-m/fpv4-sp/hard\libc_nano.a(lib_a-ctype_.o)
 .ARM.attributes
                0x00000000000003e4       0x22 c:/st/stm32cubeide_1.4.0/stm32cubeide/plugins/com.st.stm32cube.ide.mcu.externaltools.gnu-tools-for-stm32.7-2018-q2-update.win32_1.4.0.202007081208/tools/bin/../lib/gcc/arm-none-eabi/7.3.1/thumb/v7e-m/fpv4-sp/hard/crtn.o
OUTPUT(zadanie_cv8.elf elf32-littlearm)

.debug_info     0x0000000000000000     0x53b7
 .debug_info    0x0000000000000000      0xd57 Core/Src/display.o
 .debug_info    0x0000000000000d57      0x3ff Core/Src/gpio.o
 .debug_info    0x0000000000001156      0x6ab Core/Src/main.o
 .debug_info    0x0000000000001801      0xc35 Core/Src/stm32f3xx_it.o
 .debug_info    0x0000000000002436      0x400 Core/Src/system_stm32f3xx.o
 .debug_info    0x0000000000002836      0xbb0 Core/Src/tim.o
 .debug_info    0x00000000000033e6       0x22 Core/Startup/startup_stm32f303k8tx.o
 .debug_info    0x0000000000003408      0x7e2 Drivers/STM32F3xx_HAL_Driver/Src/stm32f3xx_ll_gpio.o
 .debug_info    0x0000000000003bea      0xf9d Drivers/STM32F3xx_HAL_Driver/Src/stm32f3xx_ll_tim.o
 .debug_info    0x0000000000004b87      0x830 Drivers/STM32F3xx_HAL_Driver/Src/stm32f3xx_ll_utils.o

.debug_abbrev   0x0000000000000000     0x10c9
 .debug_abbrev  0x0000000000000000      0x254 Core/Src/display.o
 .debug_abbrev  0x0000000000000254      0x15d Core/Src/gpio.o
 .debug_abbrev  0x00000000000003b1      0x187 Core/Src/main.o
 .debug_abbrev  0x0000000000000538      0x1f3 Core/Src/stm32f3xx_it.o
 .debug_abbrev  0x000000000000072b      0x111 Core/Src/system_stm32f3xx.o
 .debug_abbrev  0x000000000000083c      0x1d9 Core/Src/tim.o
 .debug_abbrev  0x0000000000000a15       0x12 Core/Startup/startup_stm32f303k8tx.o
 .debug_abbrev  0x0000000000000a27      0x212 Drivers/STM32F3xx_HAL_Driver/Src/stm32f3xx_ll_gpio.o
 .debug_abbrev  0x0000000000000c39      0x1ff Drivers/STM32F3xx_HAL_Driver/Src/stm32f3xx_ll_tim.o
 .debug_abbrev  0x0000000000000e38      0x291 Drivers/STM32F3xx_HAL_Driver/Src/stm32f3xx_ll_utils.o

.debug_aranges  0x0000000000000000      0x550
 .debug_aranges
                0x0000000000000000       0x78 Core/Src/display.o
 .debug_aranges
                0x0000000000000078       0x30 Core/Src/gpio.o
 .debug_aranges
                0x00000000000000a8       0x98 Core/Src/main.o
 .debug_aranges
                0x0000000000000140       0x80 Core/Src/stm32f3xx_it.o
 .debug_aranges
                0x00000000000001c0       0x28 Core/Src/system_stm32f3xx.o
 .debug_aranges
                0x00000000000001e8       0x98 Core/Src/tim.o
 .debug_aranges
                0x0000000000000280       0x28 Core/Startup/startup_stm32f303k8tx.o
 .debug_aranges
                0x00000000000002a8       0x70 Drivers/STM32F3xx_HAL_Driver/Src/stm32f3xx_ll_gpio.o
 .debug_aranges
                0x0000000000000318      0x148 Drivers/STM32F3xx_HAL_Driver/Src/stm32f3xx_ll_tim.o
 .debug_aranges
                0x0000000000000460       0xf0 Drivers/STM32F3xx_HAL_Driver/Src/stm32f3xx_ll_utils.o

.debug_ranges   0x0000000000000000      0x4b8
 .debug_ranges  0x0000000000000000       0x68 Core/Src/display.o
 .debug_ranges  0x0000000000000068       0x20 Core/Src/gpio.o
 .debug_ranges  0x0000000000000088       0x88 Core/Src/main.o
 .debug_ranges  0x0000000000000110       0x70 Core/Src/stm32f3xx_it.o
 .debug_ranges  0x0000000000000180       0x18 Core/Src/system_stm32f3xx.o
 .debug_ranges  0x0000000000000198       0x88 Core/Src/tim.o
 .debug_ranges  0x0000000000000220       0x20 Core/Startup/startup_stm32f303k8tx.o
 .debug_ranges  0x0000000000000240       0x60 Drivers/STM32F3xx_HAL_Driver/Src/stm32f3xx_ll_gpio.o
 .debug_ranges  0x00000000000002a0      0x138 Drivers/STM32F3xx_HAL_Driver/Src/stm32f3xx_ll_tim.o
 .debug_ranges  0x00000000000003d8       0xe0 Drivers/STM32F3xx_HAL_Driver/Src/stm32f3xx_ll_utils.o

.debug_macro    0x0000000000000000    0x16b39
 .debug_macro   0x0000000000000000      0x243 Core/Src/display.o
 .debug_macro   0x0000000000000243      0xa90 Core/Src/display.o
 .debug_macro   0x0000000000000cd3       0x22 Core/Src/display.o
 .debug_macro   0x0000000000000cf5       0x40 Core/Src/display.o
 .debug_macro   0x0000000000000d35       0x18 Core/Src/display.o
 .debug_macro   0x0000000000000d4d       0x94 Core/Src/display.o
 .debug_macro   0x0000000000000de1       0x3c Core/Src/display.o
 .debug_macro   0x0000000000000e1d       0x34 Core/Src/display.o
 .debug_macro   0x0000000000000e51       0x16 Core/Src/display.o
 .debug_macro   0x0000000000000e67       0x57 Core/Src/display.o
 .debug_macro   0x0000000000000ebe       0x97 Core/Src/display.o
 .debug_macro   0x0000000000000f55      0x330 Core/Src/display.o
 .debug_macro   0x0000000000001285       0xfd Core/Src/display.o
 .debug_macro   0x0000000000001382       0x10 Core/Src/display.o
 .debug_macro   0x0000000000001392       0x52 Core/Src/display.o
 .debug_macro   0x00000000000013e4       0x1f Core/Src/display.o
 .debug_macro   0x0000000000001403       0x43 Core/Src/display.o
 .debug_macro   0x0000000000001446       0x20 Core/Src/display.o
 .debug_macro   0x0000000000001466      0x1a3 Core/Src/display.o
 .debug_macro   0x0000000000001609       0x10 Core/Src/display.o
 .debug_macro   0x0000000000001619       0x6a Core/Src/display.o
 .debug_macro   0x0000000000001683       0x1c Core/Src/display.o
 .debug_macro   0x000000000000169f       0x52 Core/Src/display.o
 .debug_macro   0x00000000000016f1       0x40 Core/Src/display.o
 .debug_macro   0x0000000000001731       0x10 Core/Src/display.o
 .debug_macro   0x0000000000001741       0x40 Core/Src/display.o
 .debug_macro   0x0000000000001781       0xd7 Core/Src/display.o
 .debug_macro   0x0000000000001858       0x1c Core/Src/display.o
 .debug_macro   0x0000000000001874       0x3d Core/Src/display.o
 .debug_macro   0x00000000000018b1       0x16 Core/Src/display.o
 .debug_macro   0x00000000000018c7      0x145 Core/Src/display.o
 .debug_macro   0x0000000000001a0c       0x2e Core/Src/display.o
 .debug_macro   0x0000000000001a3a       0x28 Core/Src/display.o
 .debug_macro   0x0000000000001a62       0xef Core/Src/display.o
 .debug_macro   0x0000000000001b51      0x1df Core/Src/display.o
 .debug_macro   0x0000000000001d30       0x1c Core/Src/display.o
 .debug_macro   0x0000000000001d4c       0x22 Core/Src/display.o
 .debug_macro   0x0000000000001d6e       0xd9 Core/Src/display.o
 .debug_macro   0x0000000000001e47      0xf07 Core/Src/display.o
 .debug_macro   0x0000000000002d4e    0x10bd9 Core/Src/display.o
 .debug_macro   0x0000000000013927       0x43 Core/Src/display.o
 .debug_macro   0x000000000001396a      0x13c Core/Src/display.o
 .debug_macro   0x0000000000013aa6      0x10b Core/Src/display.o
 .debug_macro   0x0000000000013bb1       0xd6 Core/Src/display.o
 .debug_macro   0x0000000000013c87      0x136 Core/Src/gpio.o
 .debug_macro   0x0000000000013dbd       0x8e Core/Src/gpio.o
 .debug_macro   0x0000000000013e4b       0x51 Core/Src/gpio.o
 .debug_macro   0x0000000000013e9c       0xdf Core/Src/gpio.o
 .debug_macro   0x0000000000013f7b      0x4bc Core/Src/gpio.o
 .debug_macro   0x0000000000014437       0xe1 Core/Src/gpio.o
 .debug_macro   0x0000000000014518      0x29f Core/Src/gpio.o
 .debug_macro   0x00000000000147b7       0xfe Core/Src/gpio.o
 .debug_macro   0x00000000000148b5       0x28 Core/Src/gpio.o
 .debug_macro   0x00000000000148dd       0x30 Core/Src/gpio.o
 .debug_macro   0x000000000001490d       0xa8 Core/Src/gpio.o
 .debug_macro   0x00000000000149b5      0x287 Core/Src/gpio.o
 .debug_macro   0x0000000000014c3c      0x803 Core/Src/gpio.o
 .debug_macro   0x000000000001543f      0x142 Core/Src/gpio.o
 .debug_macro   0x0000000000015581       0xbe Core/Src/gpio.o
 .debug_macro   0x000000000001563f      0x144 Core/Src/main.o
 .debug_macro   0x0000000000015783      0x2b3 Core/Src/stm32f3xx_it.o
 .debug_macro   0x0000000000015a36       0x46 Core/Src/stm32f3xx_it.o
 .debug_macro   0x0000000000015a7c      0x32a Core/Src/stm32f3xx_it.o
 .debug_macro   0x0000000000015da6       0xbd Core/Src/system_stm32f3xx.o
 .debug_macro   0x0000000000015e63      0x136 Core/Src/tim.o
 .debug_macro   0x0000000000015f99       0xff Drivers/STM32F3xx_HAL_Driver/Src/stm32f3xx_ll_gpio.o
 .debug_macro   0x0000000000016098      0x169 Drivers/STM32F3xx_HAL_Driver/Src/stm32f3xx_ll_tim.o
 .debug_macro   0x0000000000016201      0x7fd Drivers/STM32F3xx_HAL_Driver/Src/stm32f3xx_ll_tim.o
 .debug_macro   0x00000000000169fe      0x13b Drivers/STM32F3xx_HAL_Driver/Src/stm32f3xx_ll_utils.o

.debug_line     0x0000000000000000     0x407d
 .debug_line    0x0000000000000000      0x7f2 Core/Src/display.o
 .debug_line    0x00000000000007f2      0x5a7 Core/Src/gpio.o
 .debug_line    0x0000000000000d99      0x6da Core/Src/main.o
 .debug_line    0x0000000000001473      0x88d Core/Src/stm32f3xx_it.o
 .debug_line    0x0000000000001d00      0x479 Core/Src/system_stm32f3xx.o
 .debug_line    0x0000000000002179      0x74d Core/Src/tim.o
 .debug_line    0x00000000000028c6       0x88 Core/Startup/startup_stm32f303k8tx.o
 .debug_line    0x000000000000294e      0x661 Drivers/STM32F3xx_HAL_Driver/Src/stm32f3xx_ll_gpio.o
 .debug_line    0x0000000000002faf      0x959 Drivers/STM32F3xx_HAL_Driver/Src/stm32f3xx_ll_tim.o
 .debug_line    0x0000000000003908      0x775 Drivers/STM32F3xx_HAL_Driver/Src/stm32f3xx_ll_utils.o

.debug_str      0x0000000000000000    0x783c6
 .debug_str     0x0000000000000000    0x6a6e0 Core/Src/display.o
                                      0x6a945 (size before relaxing)
 .debug_str     0x000000000006a6e0     0xa4c7 Core/Src/gpio.o
                                      0x6fd39 (size before relaxing)
 .debug_str     0x0000000000074ba7      0x1fd Core/Src/main.o
                                      0x6fe9c (size before relaxing)
 .debug_str     0x0000000000074da4      0x16a Core/Src/stm32f3xx_it.o
                                      0x74cf1 (size before relaxing)
 .debug_str     0x0000000000074f0e       0x5f Core/Src/system_stm32f3xx.o
                                      0x651e8 (size before relaxing)
 .debug_str     0x0000000000074f6d      0x4de Core/Src/tim.o
                                      0x70351 (size before relaxing)
 .debug_str     0x000000000007544b       0x36 Core/Startup/startup_stm32f303k8tx.o
                                         0x69 (size before relaxing)
 .debug_str     0x0000000000075481      0x66c Drivers/STM32F3xx_HAL_Driver/Src/stm32f3xx_ll_gpio.o
                                      0x6654b (size before relaxing)
 .debug_str     0x0000000000075aed     0x1bb9 Drivers/STM32F3xx_HAL_Driver/Src/stm32f3xx_ll_tim.o
                                      0x6b49b (size before relaxing)
 .debug_str     0x00000000000776a6      0xd20 Drivers/STM32F3xx_HAL_Driver/Src/stm32f3xx_ll_utils.o
                                      0x6a21d (size before relaxing)

.comment        0x0000000000000000       0x7b
 .comment       0x0000000000000000       0x7b Core/Src/display.o
                                         0x7c (size before relaxing)
 .comment       0x000000000000007b       0x7c Core/Src/gpio.o
 .comment       0x000000000000007b       0x7c Core/Src/main.o
 .comment       0x000000000000007b       0x7c Core/Src/stm32f3xx_it.o
 .comment       0x000000000000007b       0x7c Core/Src/system_stm32f3xx.o
 .comment       0x000000000000007b       0x7c Core/Src/tim.o
 .comment       0x000000000000007b       0x7c Drivers/STM32F3xx_HAL_Driver/Src/stm32f3xx_ll_gpio.o
 .comment       0x000000000000007b       0x7c Drivers/STM32F3xx_HAL_Driver/Src/stm32f3xx_ll_tim.o
 .comment       0x000000000000007b       0x7c Drivers/STM32F3xx_HAL_Driver/Src/stm32f3xx_ll_utils.o

.debug_frame    0x0000000000000000     0x15a0
 .debug_frame   0x0000000000000000      0x1d0 Core/Src/display.o
 .debug_frame   0x00000000000001d0       0x84 Core/Src/gpio.o
 .debug_frame   0x0000000000000254      0x250 Core/Src/main.o
 .debug_frame   0x00000000000004a4      0x198 Core/Src/stm32f3xx_it.o
 .debug_frame   0x000000000000063c       0x58 Core/Src/system_stm32f3xx.o
 .debug_frame   0x0000000000000694      0x268 Core/Src/tim.o
 .debug_frame   0x00000000000008fc      0x1c0 Drivers/STM32F3xx_HAL_Driver/Src/stm32f3xx_ll_gpio.o
 .debug_frame   0x0000000000000abc      0x5d0 Drivers/STM32F3xx_HAL_Driver/Src/stm32f3xx_ll_tim.o
 .debug_frame   0x000000000000108c      0x3dc Drivers/STM32F3xx_HAL_Driver/Src/stm32f3xx_ll_utils.o
 .debug_frame   0x0000000000001468       0x2c c:/st/stm32cubeide_1.4.0/stm32cubeide/plugins/com.st.stm32cube.ide.mcu.externaltools.gnu-tools-for-stm32.7-2018-q2-update.win32_1.4.0.202007081208/tools/bin/../lib/gcc/arm-none-eabi/7.3.1/../../../../arm-none-eabi/lib/thumb/v7e-m/fpv4-sp/hard\libc_nano.a(lib_a-init.o)
 .debug_frame   0x0000000000001494       0x68 c:/st/stm32cubeide_1.4.0/stm32cubeide/plugins/com.st.stm32cube.ide.mcu.externaltools.gnu-tools-for-stm32.7-2018-q2-update.win32_1.4.0.202007081208/tools/bin/../lib/gcc/arm-none-eabi/7.3.1/../../../../arm-none-eabi/lib/thumb/v7e-m/fpv4-sp/hard\libc_nano.a(lib_a-locale.o)
 .debug_frame   0x00000000000014fc       0x48 c:/st/stm32cubeide_1.4.0/stm32cubeide/plugins/com.st.stm32cube.ide.mcu.externaltools.gnu-tools-for-stm32.7-2018-q2-update.win32_1.4.0.202007081208/tools/bin/../lib/gcc/arm-none-eabi/7.3.1/../../../../arm-none-eabi/lib/thumb/v7e-m/fpv4-sp/hard\libc_nano.a(lib_a-mbtowc_r.o)
 .debug_frame   0x0000000000001544       0x20 c:/st/stm32cubeide_1.4.0/stm32cubeide/plugins/com.st.stm32cube.ide.mcu.externaltools.gnu-tools-for-stm32.7-2018-q2-update.win32_1.4.0.202007081208/tools/bin/../lib/gcc/arm-none-eabi/7.3.1/../../../../arm-none-eabi/lib/thumb/v7e-m/fpv4-sp/hard\libc_nano.a(lib_a-memset.o)
 .debug_frame   0x0000000000001564       0x3c c:/st/stm32cubeide_1.4.0/stm32cubeide/plugins/com.st.stm32cube.ide.mcu.externaltools.gnu-tools-for-stm32.7-2018-q2-update.win32_1.4.0.202007081208/tools/bin/../lib/gcc/arm-none-eabi/7.3.1/../../../../arm-none-eabi/lib/thumb/v7e-m/fpv4-sp/hard\libc_nano.a(lib_a-wctomb_r.o)
