Archive member included to satisfy reference by file (symbol)

c:/st/stm32cubeide_1.4.0/stm32cubeide/plugins/com.st.stm32cube.ide.mcu.externaltools.gnu-tools-for-stm32.7-2018-q2-update.win32_1.4.0.202007081208/tools/bin/../lib/gcc/arm-none-eabi/7.3.1/../../../../arm-none-eabi/lib/thumb/v7e-m/fpv4-sp/hard\libc_nano.a(lib_a-errno.o)
                              Core/Src/syscalls.o (__errno)
c:/st/stm32cubeide_1.4.0/stm32cubeide/plugins/com.st.stm32cube.ide.mcu.externaltools.gnu-tools-for-stm32.7-2018-q2-update.win32_1.4.0.202007081208/tools/bin/../lib/gcc/arm-none-eabi/7.3.1/../../../../arm-none-eabi/lib/thumb/v7e-m/fpv4-sp/hard\libc_nano.a(lib_a-exit.o)
                              c:/st/stm32cubeide_1.4.0/stm32cubeide/plugins/com.st.stm32cube.ide.mcu.externaltools.gnu-tools-for-stm32.7-2018-q2-update.win32_1.4.0.202007081208/tools/bin/../lib/gcc/arm-none-eabi/7.3.1/../../../../arm-none-eabi/lib/thumb/v7e-m/fpv4-sp/hard/crt0.o (exit)
c:/st/stm32cubeide_1.4.0/stm32cubeide/plugins/com.st.stm32cube.ide.mcu.externaltools.gnu-tools-for-stm32.7-2018-q2-update.win32_1.4.0.202007081208/tools/bin/../lib/gcc/arm-none-eabi/7.3.1/../../../../arm-none-eabi/lib/thumb/v7e-m/fpv4-sp/hard\libc_nano.a(lib_a-impure.o)
                              c:/st/stm32cubeide_1.4.0/stm32cubeide/plugins/com.st.stm32cube.ide.mcu.externaltools.gnu-tools-for-stm32.7-2018-q2-update.win32_1.4.0.202007081208/tools/bin/../lib/gcc/arm-none-eabi/7.3.1/../../../../arm-none-eabi/lib/thumb/v7e-m/fpv4-sp/hard\libc_nano.a(lib_a-exit.o) (_global_impure_ptr)
c:/st/stm32cubeide_1.4.0/stm32cubeide/plugins/com.st.stm32cube.ide.mcu.externaltools.gnu-tools-for-stm32.7-2018-q2-update.win32_1.4.0.202007081208/tools/bin/../lib/gcc/arm-none-eabi/7.3.1/../../../../arm-none-eabi/lib/thumb/v7e-m/fpv4-sp/hard\libc_nano.a(lib_a-init.o)
                              c:/st/stm32cubeide_1.4.0/stm32cubeide/plugins/com.st.stm32cube.ide.mcu.externaltools.gnu-tools-for-stm32.7-2018-q2-update.win32_1.4.0.202007081208/tools/bin/../lib/gcc/arm-none-eabi/7.3.1/../../../../arm-none-eabi/lib/thumb/v7e-m/fpv4-sp/hard/crt0.o (__libc_init_array)
c:/st/stm32cubeide_1.4.0/stm32cubeide/plugins/com.st.stm32cube.ide.mcu.externaltools.gnu-tools-for-stm32.7-2018-q2-update.win32_1.4.0.202007081208/tools/bin/../lib/gcc/arm-none-eabi/7.3.1/../../../../arm-none-eabi/lib/thumb/v7e-m/fpv4-sp/hard\libc_nano.a(lib_a-memset.o)
                              c:/st/stm32cubeide_1.4.0/stm32cubeide/plugins/com.st.stm32cube.ide.mcu.externaltools.gnu-tools-for-stm32.7-2018-q2-update.win32_1.4.0.202007081208/tools/bin/../lib/gcc/arm-none-eabi/7.3.1/../../../../arm-none-eabi/lib/thumb/v7e-m/fpv4-sp/hard/crt0.o (memset)

Allocating common symbols
Common symbol       size              file

curStr              0x4               Core/Src/display.o

Discarded input sections

 .text          0x0000000000000000        0x0 c:/st/stm32cubeide_1.4.0/stm32cubeide/plugins/com.st.stm32cube.ide.mcu.externaltools.gnu-tools-for-stm32.7-2018-q2-update.win32_1.4.0.202007081208/tools/bin/../lib/gcc/arm-none-eabi/7.3.1/thumb/v7e-m/fpv4-sp/hard/crti.o
 .data          0x0000000000000000        0x0 c:/st/stm32cubeide_1.4.0/stm32cubeide/plugins/com.st.stm32cube.ide.mcu.externaltools.gnu-tools-for-stm32.7-2018-q2-update.win32_1.4.0.202007081208/tools/bin/../lib/gcc/arm-none-eabi/7.3.1/thumb/v7e-m/fpv4-sp/hard/crti.o
 .bss           0x0000000000000000        0x0 c:/st/stm32cubeide_1.4.0/stm32cubeide/plugins/com.st.stm32cube.ide.mcu.externaltools.gnu-tools-for-stm32.7-2018-q2-update.win32_1.4.0.202007081208/tools/bin/../lib/gcc/arm-none-eabi/7.3.1/thumb/v7e-m/fpv4-sp/hard/crti.o
 .data          0x0000000000000000        0x4 c:/st/stm32cubeide_1.4.0/stm32cubeide/plugins/com.st.stm32cube.ide.mcu.externaltools.gnu-tools-for-stm32.7-2018-q2-update.win32_1.4.0.202007081208/tools/bin/../lib/gcc/arm-none-eabi/7.3.1/thumb/v7e-m/fpv4-sp/hard/crtbegin.o
 .text          0x0000000000000000       0x74 c:/st/stm32cubeide_1.4.0/stm32cubeide/plugins/com.st.stm32cube.ide.mcu.externaltools.gnu-tools-for-stm32.7-2018-q2-update.win32_1.4.0.202007081208/tools/bin/../lib/gcc/arm-none-eabi/7.3.1/../../../../arm-none-eabi/lib/thumb/v7e-m/fpv4-sp/hard/crt0.o
 .data          0x0000000000000000        0x0 c:/st/stm32cubeide_1.4.0/stm32cubeide/plugins/com.st.stm32cube.ide.mcu.externaltools.gnu-tools-for-stm32.7-2018-q2-update.win32_1.4.0.202007081208/tools/bin/../lib/gcc/arm-none-eabi/7.3.1/../../../../arm-none-eabi/lib/thumb/v7e-m/fpv4-sp/hard/crt0.o
 .bss           0x0000000000000000        0x0 c:/st/stm32cubeide_1.4.0/stm32cubeide/plugins/com.st.stm32cube.ide.mcu.externaltools.gnu-tools-for-stm32.7-2018-q2-update.win32_1.4.0.202007081208/tools/bin/../lib/gcc/arm-none-eabi/7.3.1/../../../../arm-none-eabi/lib/thumb/v7e-m/fpv4-sp/hard/crt0.o
[...]
Memory Configuration

Name             Origin             Length             Attributes
CCMRAM           0x0000000010000000 0x0000000000001000 xrw
RAM              0x0000000020000000 0x0000000000003000 xrw
FLASH            0x0000000008000000 0x0000000000010000 xr
*default*        0x0000000000000000 0xffffffffffffffff

Linker script and memory map

LOAD c:/st/stm32cubeide_1.4.0/stm32cubeide/plugins/com.st.stm32cube.ide.mcu.externaltools.gnu-tools-for-stm32.7-2018-q2-update.win32_1.4.0.202007081208/tools/bin/../lib/gcc/arm-none-eabi/7.3.1/thumb/v7e-m/fpv4-sp/hard/crti.o
LOAD c:/st/stm32cubeide_1.4.0/stm32cubeide/plugins/com.st.stm32cube.ide.mcu.externaltools.gnu-tools-for-stm32.7-2018-q2-update.win32_1.4.0.202007081208/tools/bin/../lib/gcc/arm-none-eabi/7.3.1/thumb/v7e-m/fpv4-sp/hard/crtbegin.o
LOAD c:/st/stm32cubeide_1.4.0/stm32cubeide/plugins/com.st.stm32cube.ide.mcu.externaltools.gnu-tools-for-stm32.7-2018-q2-update.win32_1.4.0.202007081208/tools/bin/../lib/gcc/arm-none-eabi/7.3.1/../../../../arm-none-eabi/lib/thumb/v7e-m/fpv4-sp/hard/crt0.o
LOAD Core/Src/display.o
LOAD Core/Src/gpio.o
LOAD Core/Src/main.o
LOAD Core/Src/stm32f3xx_it.o
LOAD Core/Src/syscalls.o
LOAD Core/Src/sysmem.o
LOAD Core/Src/system_stm32f3xx.o
LOAD Core/Src/tim.o
LOAD Core/Startup/startup_stm32f303k8tx.o
LOAD Drivers/STM32F3xx_HAL_Driver/Src/stm32f3xx_ll_dma.o
LOAD Drivers/STM32F3xx_HAL_Driver/Src/stm32f3xx_ll_exti.o
LOAD Drivers/STM32F3xx_HAL_Driver/Src/stm32f3xx_ll_gpio.o
LOAD Drivers/STM32F3xx_HAL_Driver/Src/stm32f3xx_ll_rcc.o
LOAD Drivers/STM32F3xx_HAL_Driver/Src/stm32f3xx_ll_tim.o
LOAD Drivers/STM32F3xx_HAL_Driver/Src/stm32f3xx_ll_utils.o
START GROUP
LOAD c:/st/stm32cubeide_1.4.0/stm32cubeide/plugins/com.st.stm32cube.ide.mcu.externaltools.gnu-tools-for-stm32.7-2018-q2-update.win32_1.4.0.202007081208/tools/bin/../lib/gcc/arm-none-eabi/7.3.1/../../../../arm-none-eabi/lib/thumb/v7e-m/fpv4-sp/hard\libc_nano.a
LOAD c:/st/stm32cubeide_1.4.0/stm32cubeide/plugins/com.st.stm32cube.ide.mcu.externaltools.gnu-tools-for-stm32.7-2018-q2-update.win32_1.4.0.202007081208/tools/bin/../lib/gcc/arm-none-eabi/7.3.1/../../../../arm-none-eabi/lib/thumb/v7e-m/fpv4-sp/hard\libm.a
END GROUP
START GROUP
LOAD c:/st/stm32cubeide_1.4.0/stm32cubeide/plugins/com.st.stm32cube.ide.mcu.externaltools.gnu-tools-for-stm32.7-2018-q2-update.win32_1.4.0.202007081208/tools/bin/../lib/gcc/arm-none-eabi/7.3.1/thumb/v7e-m/fpv4-sp/hard\libgcc.a
LOAD c:/st/stm32cubeide_1.4.0/stm32cubeide/plugins/com.st.stm32cube.ide.mcu.externaltools.gnu-tools-for-stm32.7-2018-q2-update.win32_1.4.0.202007081208/tools/bin/../lib/gcc/arm-none-eabi/7.3.1/../../../../arm-none-eabi/lib/thumb/v7e-m/fpv4-sp/hard\libc_nano.a
END GROUP
START GROUP
LOAD c:/st/stm32cubeide_1.4.0/stm32cubeide/plugins/com.st.stm32cube.ide.mcu.externaltools.gnu-tools-for-stm32.7-2018-q2-update.win32_1.4.0.202007081208/tools/bin/../lib/gcc/arm-none-eabi/7.3.1/thumb/v7e-m/fpv4-sp/hard\libgcc.a
LOAD c:/st/stm32cubeide_1.4.0/stm32cubeide/plugins/com.st.stm32cube.ide.mcu.externaltools.gnu-tools-for-stm32.7-2018-q2-update.win32_1.4.0.202007081208/tools/bin/../lib/gcc/arm-none-eabi/7.3.1/../../../../arm-none-eabi/lib/thumb/v7e-m/fpv4-sp/hard\libc_nano.a
LOAD c:/st/stm32cubeide_1.4.0/stm32cubeide/plugins/com.st.stm32cube.ide.mcu.externaltools.gnu-tools-for-stm32.7-2018-q2-update.win32_1.4.0.202007081208/tools/bin/../lib/gcc/arm-none-eabi/7.3.1/../../../../arm-none-eabi/lib/thumb/v7e-m/fpv4-sp/hard\libnosys.a
END GROUP
START GROUP
LOAD c:/st/stm32cubeide_1.4.0/stm32cubeide/plugins/com.st.stm32cube.ide.mcu.externaltools.gnu-tools-for-stm32.7-2018-q2-update.win32_1.4.0.202007081208/tools/bin/../lib/gcc/arm-none-eabi/7.3.1/thumb/v7e-m/fpv4-sp/hard\libgcc.a
LOAD c:/st/stm32cubeide_1.4.0/stm32cubeide/plugins/com.st.stm32cube.ide.mcu.externaltools.gnu-tools-for-stm32.7-2018-q2-update.win32_1.4.0.202007081208/tools/bin/../lib/gcc/arm-none-eabi/7.3.1/../../../../arm-none-eabi/lib/thumb/v7e-m/fpv4-sp/hard\libc_nano.a
LOAD c:/st/stm32cubeide_1.4.0/stm32cubeide/plugins/com.st.stm32cube.ide.mcu.externaltools.gnu-tools-for-stm32.7-2018-q2-update.win32_1.4.0.202007081208/tools/bin/../lib/gcc/arm-none-eabi/7.3.1/../../../../arm-none-eabi/lib/thumb/v7e-m/fpv4-sp/hard\libnosys.a
END GROUP
LOAD c:/st/stm32cubeide_1.4.0/stm32cubeide/plugins/com.st.stm32cube.ide.mcu.externaltools.gnu-tools-for-stm32.7-2018-q2-update.win32_1.4.0.202007081208/tools/bin/../lib/gcc/arm-none-eabi/7.3.1/thumb/v7e-m/fpv4-sp/hard/crtend.o
LOAD c:/st/stm32cubeide_1.4.0/stm32cubeide/plugins/com.st.stm32cube.ide.mcu.externaltools.gnu-tools-for-stm32.7-2018-q2-update.win32_1.4.0.202007081208/tools/bin/../lib/gcc/arm-none-eabi/7.3.1/thumb/v7e-m/fpv4-sp/hard/crtn.o
                0x0000000020003000                _estack = (ORIGIN (RAM) + LENGTH (RAM))
                0x0000000000000200                _Min_Heap_Size = 0x200
                0x0000000000000400                _Min_Stack_Size = 0x400

.isr_vector     0x0000000008000000      0x188
                0x0000000008000000                . = ALIGN (0x4)
 *(.isr_vector)
 .isr_vector    0x0000000008000000      0x188 Core/Startup/startup_stm32f303k8tx.o
                0x0000000008000000                g_pfnVectors
                0x0000000008000188                . = ALIGN (0x4)

.text           0x0000000008000188     0x1830
                0x0000000008000188                . = ALIGN (0x4)
 *(.text)
 .text          0x0000000008000188       0x40 c:/st/stm32cubeide_1.4.0/stm32cubeide/plugins/com.st.stm32cube.ide.mcu.externaltools.gnu-tools-for-stm32.7-2018-q2-update.win32_1.4.0.202007081208/tools/bin/../lib/gcc/arm-none-eabi/7.3.1/thumb/v7e-m/fpv4-sp/hard/crtbegin.o
 *(.text*)
 .text.LL_GPIO_SetOutputPin
                0x00000000080001c8       0x1c Core/Src/display.o
 .text.LL_GPIO_ResetOutputPin
                0x00000000080001e4       0x1c Core/Src/display.o
 .text.DISPLAY_displayCurStr
                0x0000000008000200       0x54 Core/Src/display.o
                0x0000000008000200                DISPLAY_displayCurStr
 .text.updAlphanumChar
                0x0000000008000254       0xb4 Core/Src/display.o
                0x0000000008000254                updAlphanumChar
 .text.setDigit
                0x0000000008000308       0x60 Core/Src/display.o
                0x0000000008000308                setDigit
 .text.resAllSegments
                0x0000000008000368       0x5c Core/Src/display.o
                0x0000000008000368                resAllSegments
 .text.resAllDigits
                0x00000000080003c4       0x30 Core/Src/display.o
                0x00000000080003c4                resAllDigits
 .text.DISPLAY_shiftCurStr
                0x00000000080003f4       0x34 Core/Src/display.o
                0x00000000080003f4                DISPLAY_shiftCurStr
 .text.updCurPos
                0x0000000008000428       0x38 Core/Src/display.o
                0x0000000008000428                updCurPos
 .text.updShiftDir
                0x0000000008000460       0x3c Core/Src/display.o
                0x0000000008000460                updShiftDir
 .text.setCurStr
                0x000000000800049c       0x40 Core/Src/display.o
                0x000000000800049c                setCurStr
 .text.LL_AHB1_GRP1_EnableClock
                0x00000000080004dc       0x30 Core/Src/gpio.o
 .text.LL_GPIO_ResetOutputPin
                0x000000000800050c       0x1c Core/Src/gpio.o
 .text.MX_GPIO_Init
                0x0000000008000528       0x88 Core/Src/gpio.o
                0x0000000008000528                MX_GPIO_Init
 .text.__NVIC_SetPriorityGrouping
                0x00000000080005b0       0x48 Core/Src/main.o
 .text.LL_RCC_HSI_Enable
                0x00000000080005f8       0x20 Core/Src/main.o
 .text.LL_RCC_HSI_IsReady
                0x0000000008000618       0x24 Core/Src/main.o
 .text.LL_RCC_HSI_SetCalibTrimming
                0x000000000800063c       0x2c Core/Src/main.o
 .text.LL_RCC_SetSysClkSource
                0x0000000008000668       0x28 Core/Src/main.o
 .text.LL_RCC_GetSysClkSource
                0x0000000008000690       0x1c Core/Src/main.o
 .text.LL_RCC_SetAHBPrescaler
                0x00000000080006ac       0x28 Core/Src/main.o
 .text.LL_RCC_SetAPB1Prescaler
                0x00000000080006d4       0x28 Core/Src/main.o
 .text.LL_RCC_SetAPB2Prescaler
                0x00000000080006fc       0x28 Core/Src/main.o
 .text.LL_APB1_GRP1_EnableClock
                0x0000000008000724       0x30 Core/Src/main.o
 .text.LL_APB2_GRP1_EnableClock
                0x0000000008000754       0x30 Core/Src/main.o
 .text.LL_FLASH_SetLatency
                0x0000000008000784       0x28 Core/Src/main.o
 .text.LL_FLASH_GetLatency
                0x00000000080007ac       0x1c Core/Src/main.o
 .text.main     0x00000000080007c8       0x2a Core/Src/main.o
                0x00000000080007c8                main
 *fill*         0x00000000080007f2        0x2 
 .text.SystemClock_Config
                0x00000000080007f4       0x64 Core/Src/main.o
                0x00000000080007f4                SystemClock_Config
 .text.LL_TIM_ClearFlag_UPDATE
                0x0000000008000858       0x1c Core/Src/stm32f3xx_it.o
 .text.LL_TIM_IsActiveFlag_UPDATE
                0x0000000008000874       0x26 Core/Src/stm32f3xx_it.o
 .text.NMI_Handler
                0x000000000800089a        0xe Core/Src/stm32f3xx_it.o
                0x000000000800089a                NMI_Handler
 .text.HardFault_Handler
                0x00000000080008a8        0x6 Core/Src/stm32f3xx_it.o
                0x00000000080008a8                HardFault_Handler
 .text.MemManage_Handler
                0x00000000080008ae        0x6 Core/Src/stm32f3xx_it.o
                0x00000000080008ae                MemManage_Handler
 .text.BusFault_Handler
                0x00000000080008b4        0x6 Core/Src/stm32f3xx_it.o
                0x00000000080008b4                BusFault_Handler
 .text.UsageFault_Handler
                0x00000000080008ba        0x6 Core/Src/stm32f3xx_it.o
                0x00000000080008ba                UsageFault_Handler
 .text.SVC_Handler
                0x00000000080008c0        0xe Core/Src/stm32f3xx_it.o
                0x00000000080008c0                SVC_Handler
 .text.DebugMon_Handler
                0x00000000080008ce        0xe Core/Src/stm32f3xx_it.o
                0x00000000080008ce                DebugMon_Handler
 .text.PendSV_Handler
                0x00000000080008dc        0xe Core/Src/stm32f3xx_it.o
                0x00000000080008dc                PendSV_Handler
 .text.SysTick_Handler
                0x00000000080008ea        0xe Core/Src/stm32f3xx_it.o
                0x00000000080008ea                SysTick_Handler
 .text.TIM2_IRQHandler
                0x00000000080008f8       0x22 Core/Src/stm32f3xx_it.o
                0x00000000080008f8                TIM2_IRQHandler
 *fill*         0x000000000800091a        0x2 
 .text.TIM3_IRQHandler
                0x000000000800091c       0x24 Core/Src/stm32f3xx_it.o
                0x000000000800091c                TIM3_IRQHandler
 .text.SystemInit
                0x0000000008000940       0x24 Core/Src/system_stm32f3xx.o
                0x0000000008000940                SystemInit
 .text.__NVIC_GetPriorityGrouping
                0x0000000008000964       0x1c Core/Src/tim.o
 .text.__NVIC_EnableIRQ
                0x0000000008000980       0x3c Core/Src/tim.o
 .text.__NVIC_SetPriority
                0x00000000080009bc       0x54 Core/Src/tim.o
 .text.NVIC_EncodePriority
                0x0000000008000a10       0x66 Core/Src/tim.o
 *fill*         0x0000000008000a76        0x2 
 .text.LL_APB1_GRP1_EnableClock
                0x0000000008000a78       0x30 Core/Src/tim.o
 .text.LL_TIM_EnableCounter
                0x0000000008000aa8       0x20 Core/Src/tim.o
 .text.LL_TIM_DisableARRPreload
                0x0000000008000ac8       0x20 Core/Src/tim.o
 .text.LL_TIM_OC_DisableFast
                0x0000000008000ae8       0xa4 Core/Src/tim.o
 .text.LL_TIM_SetClockSource
                0x0000000008000b8c       0x2a Core/Src/tim.o
 .text.LL_TIM_SetTriggerOutput
                0x0000000008000bb6       0x26 Core/Src/tim.o
 .text.LL_TIM_DisableMasterSlaveMode
                0x0000000008000bdc       0x20 Core/Src/tim.o
 .text.LL_TIM_EnableIT_UPDATE
                0x0000000008000bfc       0x20 Core/Src/tim.o
 .text.MX_TIM2_Init
                0x0000000008000c1c       0xc4 Core/Src/tim.o
                0x0000000008000c1c                MX_TIM2_Init
 .text.MX_TIM3_Init
                0x0000000008000ce0       0xbc Core/Src/tim.o
                0x0000000008000ce0                MX_TIM3_Init
 .text.add_TIM2_Init
                0x0000000008000d9c       0x18 Core/Src/tim.o
                0x0000000008000d9c                add_TIM2_Init
 .text.add_TIM3_Init
                0x0000000008000db4       0x18 Core/Src/tim.o
                0x0000000008000db4                add_TIM3_Init
 .text.Reset_Handler
                0x0000000008000dcc       0x50 Core/Startup/startup_stm32f303k8tx.o
                0x0000000008000dcc                Reset_Handler
 .text.Default_Handler
                0x0000000008000e1c        0x2 Core/Startup/startup_stm32f303k8tx.o
                0x0000000008000e1c                RTC_Alarm_IRQHandler
                0x0000000008000e1c                TIM1_CC_IRQHandler
                0x0000000008000e1c                PVD_IRQHandler
                0x0000000008000e1c                TAMP_STAMP_IRQHandler
                0x0000000008000e1c                EXTI3_IRQHandler
                0x0000000008000e1c                EXTI0_IRQHandler
                0x0000000008000e1c                FPU_IRQHandler
                0x0000000008000e1c                CAN_TX_IRQHandler
                0x0000000008000e1c                TIM1_UP_TIM16_IRQHandler
                0x0000000008000e1c                ADC1_2_IRQHandler
                0x0000000008000e1c                SPI1_IRQHandler
                0x0000000008000e1c                CAN_SCE_IRQHandler
                0x0000000008000e1c                DMA1_Channel4_IRQHandler
                0x0000000008000e1c                USART3_IRQHandler
                0x0000000008000e1c                DMA1_Channel7_IRQHandler
                0x0000000008000e1c                TIM7_DAC2_IRQHandler
                0x0000000008000e1c                CAN_RX1_IRQHandler
                0x0000000008000e1c                I2C1_EV_IRQHandler
                0x0000000008000e1c                DMA1_Channel6_IRQHandler
                0x0000000008000e1c                RCC_IRQHandler
                0x0000000008000e1c                DMA1_Channel1_IRQHandler
                0x0000000008000e1c                Default_Handler
                0x0000000008000e1c                EXTI15_10_IRQHandler
                0x0000000008000e1c                COMP2_IRQHandler
                0x0000000008000e1c                TIM6_DAC1_IRQHandler
                0x0000000008000e1c                EXTI9_5_IRQHandler
                0x0000000008000e1c                RTC_WKUP_IRQHandler
                0x0000000008000e1c                DMA1_Channel5_IRQHandler
                0x0000000008000e1c                EXTI4_IRQHandler
                0x0000000008000e1c                TIM1_TRG_COM_TIM17_IRQHandler
                0x0000000008000e1c                DMA1_Channel3_IRQHandler
                0x0000000008000e1c                WWDG_IRQHandler
                0x0000000008000e1c                EXTI1_IRQHandler
                0x0000000008000e1c                COMP4_6_IRQHandler
                0x0000000008000e1c                USART2_IRQHandler
                0x0000000008000e1c                DMA1_Channel2_IRQHandler
                0x0000000008000e1c                FLASH_IRQHandler
                0x0000000008000e1c                USART1_IRQHandler
                0x0000000008000e1c                CAN_RX0_IRQHandler
                0x0000000008000e1c                I2C1_ER_IRQHandler
                0x0000000008000e1c                EXTI2_TSC_IRQHandler
                0x0000000008000e1c                TIM1_BRK_TIM15_IRQHandler
 .text.LL_GPIO_SetPinMode
                0x0000000008000e1e       0x5e Drivers/STM32F3xx_HAL_Driver/Src/stm32f3xx_ll_gpio.o
 .text.LL_GPIO_SetPinOutputType
                0x0000000008000e7c       0x30 Drivers/STM32F3xx_HAL_Driver/Src/stm32f3xx_ll_gpio.o
 .text.LL_GPIO_SetPinSpeed
                0x0000000008000eac       0x5e Drivers/STM32F3xx_HAL_Driver/Src/stm32f3xx_ll_gpio.o
 .text.LL_GPIO_SetPinPull
                0x0000000008000f0a       0x5e Drivers/STM32F3xx_HAL_Driver/Src/stm32f3xx_ll_gpio.o
 .text.LL_GPIO_SetAFPin_0_7
                0x0000000008000f68       0x5e Drivers/STM32F3xx_HAL_Driver/Src/stm32f3xx_ll_gpio.o
 .text.LL_GPIO_SetAFPin_8_15
                0x0000000008000fc6       0x62 Drivers/STM32F3xx_HAL_Driver/Src/stm32f3xx_ll_gpio.o
 .text.LL_GPIO_Init
                0x0000000008001028       0xe0 Drivers/STM32F3xx_HAL_Driver/Src/stm32f3xx_ll_gpio.o
                0x0000000008001028                LL_GPIO_Init
 .text.LL_TIM_SetPrescaler
                0x0000000008001108       0x1c Drivers/STM32F3xx_HAL_Driver/Src/stm32f3xx_ll_tim.o
 .text.LL_TIM_SetAutoReload
                0x0000000008001124       0x1c Drivers/STM32F3xx_HAL_Driver/Src/stm32f3xx_ll_tim.o
 .text.LL_TIM_SetRepetitionCounter
                0x0000000008001140       0x1c Drivers/STM32F3xx_HAL_Driver/Src/stm32f3xx_ll_tim.o
 .text.LL_TIM_OC_SetCompareCH1
                0x000000000800115c       0x1c Drivers/STM32F3xx_HAL_Driver/Src/stm32f3xx_ll_tim.o
 .text.LL_TIM_OC_SetCompareCH2
                0x0000000008001178       0x1c Drivers/STM32F3xx_HAL_Driver/Src/stm32f3xx_ll_tim.o
 .text.LL_TIM_OC_SetCompareCH3
                0x0000000008001194       0x1c Drivers/STM32F3xx_HAL_Driver/Src/stm32f3xx_ll_tim.o
 .text.LL_TIM_OC_SetCompareCH4
                0x00000000080011b0       0x1c Drivers/STM32F3xx_HAL_Driver/Src/stm32f3xx_ll_tim.o
 .text.LL_TIM_OC_SetCompareCH5
                0x00000000080011cc       0x20 Drivers/STM32F3xx_HAL_Driver/Src/stm32f3xx_ll_tim.o
 .text.LL_TIM_OC_SetCompareCH6
                0x00000000080011ec       0x1c Drivers/STM32F3xx_HAL_Driver/Src/stm32f3xx_ll_tim.o
 .text.LL_TIM_GenerateEvent_UPDATE
                0x0000000008001208       0x20 Drivers/STM32F3xx_HAL_Driver/Src/stm32f3xx_ll_tim.o
 .text.LL_TIM_Init
                0x0000000008001228       0xe4 Drivers/STM32F3xx_HAL_Driver/Src/stm32f3xx_ll_tim.o
                0x0000000008001228                LL_TIM_Init
 .text.LL_TIM_OC_Init
                0x000000000800130c       0x9a Drivers/STM32F3xx_HAL_Driver/Src/stm32f3xx_ll_tim.o
                0x000000000800130c                LL_TIM_OC_Init
 *fill*         0x00000000080013a6        0x2 
 .text.OC1Config
                0x00000000080013a8       0xf4 Drivers/STM32F3xx_HAL_Driver/Src/stm32f3xx_ll_tim.o
 .text.OC2Config
                0x000000000800149c       0xfc Drivers/STM32F3xx_HAL_Driver/Src/stm32f3xx_ll_tim.o
 .text.OC3Config
                0x0000000008001598       0xfc Drivers/STM32F3xx_HAL_Driver/Src/stm32f3xx_ll_tim.o
 .text.OC4Config
                0x0000000008001694       0xcc Drivers/STM32F3xx_HAL_Driver/Src/stm32f3xx_ll_tim.o
 .text.OC5Config
                0x0000000008001760       0xbc Drivers/STM32F3xx_HAL_Driver/Src/stm32f3xx_ll_tim.o
 .text.OC6Config
                0x000000000800181c       0xbc Drivers/STM32F3xx_HAL_Driver/Src/stm32f3xx_ll_tim.o
 .text.LL_InitTick
                0x00000000080018d8       0x34 Drivers/STM32F3xx_HAL_Driver/Src/stm32f3xx_ll_utils.o
 .text.LL_Init1msTick
                0x000000000800190c       0x1a Drivers/STM32F3xx_HAL_Driver/Src/stm32f3xx_ll_utils.o
                0x000000000800190c                LL_Init1msTick
 *fill*         0x0000000008001926        0x2 
 .text.LL_SetSystemCoreClock
                0x0000000008001928       0x20 Drivers/STM32F3xx_HAL_Driver/Src/stm32f3xx_ll_utils.o
                0x0000000008001928                LL_SetSystemCoreClock
 .text.__libc_init_array
                0x0000000008001948       0x48 c:/st/stm32cubeide_1.4.0/stm32cubeide/plugins/com.st.stm32cube.ide.mcu.externaltools.gnu-tools-for-stm32.7-2018-q2-update.win32_1.4.0.202007081208/tools/bin/../lib/gcc/arm-none-eabi/7.3.1/../../../../arm-none-eabi/lib/thumb/v7e-m/fpv4-sp/hard\libc_nano.a(lib_a-init.o)
                0x0000000008001948                __libc_init_array
 .text.memset   0x0000000008001990       0x10 c:/st/stm32cubeide_1.4.0/stm32cubeide/plugins/com.st.stm32cube.ide.mcu.externaltools.gnu-tools-for-stm32.7-2018-q2-update.win32_1.4.0.202007081208/tools/bin/../lib/gcc/arm-none-eabi/7.3.1/../../../../arm-none-eabi/lib/thumb/v7e-m/fpv4-sp/hard\libc_nano.a(lib_a-memset.o)
                0x0000000008001990                memset
 *(.glue_7)
 .glue_7        0x00000000080019a0        0x0 linker stubs
 *(.glue_7t)
 .glue_7t       0x00000000080019a0        0x0 linker stubs
 *(.eh_frame)
 .eh_frame      0x00000000080019a0        0x0 c:/st/stm32cubeide_1.4.0/stm32cubeide/plugins/com.st.stm32cube.ide.mcu.externaltools.gnu-tools-for-stm32.7-2018-q2-update.win32_1.4.0.202007081208/tools/bin/../lib/gcc/arm-none-eabi/7.3.1/thumb/v7e-m/fpv4-sp/hard/crtbegin.o
 *(.init)
 .init          0x00000000080019a0        0x4 c:/st/stm32cubeide_1.4.0/stm32cubeide/plugins/com.st.stm32cube.ide.mcu.externaltools.gnu-tools-for-stm32.7-2018-q2-update.win32_1.4.0.202007081208/tools/bin/../lib/gcc/arm-none-eabi/7.3.1/thumb/v7e-m/fpv4-sp/hard/crti.o
                0x00000000080019a0                _init
 .init          0x00000000080019a4        0x8 c:/st/stm32cubeide_1.4.0/stm32cubeide/plugins/com.st.stm32cube.ide.mcu.externaltools.gnu-tools-for-stm32.7-2018-q2-update.win32_1.4.0.202007081208/tools/bin/../lib/gcc/arm-none-eabi/7.3.1/thumb/v7e-m/fpv4-sp/hard/crtn.o
 *(.fini)
 .fini          0x00000000080019ac        0x4 c:/st/stm32cubeide_1.4.0/stm32cubeide/plugins/com.st.stm32cube.ide.mcu.externaltools.gnu-tools-for-stm32.7-2018-q2-update.win32_1.4.0.202007081208/tools/bin/../lib/gcc/arm-none-eabi/7.3.1/thumb/v7e-m/fpv4-sp/hard/crti.o
                0x00000000080019ac                _fini
 .fini          0x00000000080019b0        0x8 c:/st/stm32cubeide_1.4.0/stm32cubeide/plugins/com.st.stm32cube.ide.mcu.externaltools.gnu-tools-for-stm32.7-2018-q2-update.win32_1.4.0.202007081208/tools/bin/../lib/gcc/arm-none-eabi/7.3.1/thumb/v7e-m/fpv4-sp/hard/crtn.o
                0x00000000080019b8                . = ALIGN (0x4)
                0x00000000080019b8                _etext = .

.vfp11_veneer   0x00000000080019b8        0x0
 .vfp11_veneer  0x00000000080019b8        0x0 linker stubs

.v4_bx          0x00000000080019b8        0x0
 .v4_bx         0x00000000080019b8        0x0 linker stubs

.iplt           0x00000000080019b8        0x0
 .iplt          0x00000000080019b8        0x0 c:/st/stm32cubeide_1.4.0/stm32cubeide/plugins/com.st.stm32cube.ide.mcu.externaltools.gnu-tools-for-stm32.7-2018-q2-update.win32_1.4.0.202007081208/tools/bin/../lib/gcc/arm-none-eabi/7.3.1/thumb/v7e-m/fpv4-sp/hard/crtbegin.o

.rodata         0x00000000080019b8       0x20
                0x00000000080019b8                . = ALIGN (0x4)
 *(.rodata)
 .rodata        0x00000000080019b8        0x8 Core/Src/display.o
 *(.rodata*)
 .rodata.OFFSET_TAB_CCMRx
                0x00000000080019c0        0x9 Core/Src/tim.o
 *fill*         0x00000000080019c9        0x3 
 .rodata.SHIFT_TAB_OCxx
                0x00000000080019cc        0x9 Core/Src/tim.o
                0x00000000080019d8                . = ALIGN (0x4)
 *fill*         0x00000000080019d5        0x3 

.rel.dyn        0x00000000080019d8        0x0
 .rel.iplt      0x00000000080019d8        0x0 c:/st/stm32cubeide_1.4.0/stm32cubeide/plugins/com.st.stm32cube.ide.mcu.externaltools.gnu-tools-for-stm32.7-2018-q2-update.win32_1.4.0.202007081208/tools/bin/../lib/gcc/arm-none-eabi/7.3.1/thumb/v7e-m/fpv4-sp/hard/crtbegin.o

.ARM.extab      0x00000000080019d8        0x0
                0x00000000080019d8                . = ALIGN (0x4)
 *(.ARM.extab* .gnu.linkonce.armextab.*)
                0x00000000080019d8                . = ALIGN (0x4)

.ARM            0x00000000080019d8        0x0
                0x00000000080019d8                . = ALIGN (0x4)
                0x00000000080019d8                __exidx_start = .
 *(.ARM.exidx*)
                0x00000000080019d8                __exidx_end = .
                0x00000000080019d8                . = ALIGN (0x4)

.preinit_array  0x00000000080019d8        0x0
                0x00000000080019d8                . = ALIGN (0x4)
                0x00000000080019d8                PROVIDE (__preinit_array_start = .)
 *(.preinit_array*)
                0x00000000080019d8                PROVIDE (__preinit_array_end = .)
                0x00000000080019d8                . = ALIGN (0x4)

.init_array     0x00000000080019d8        0x4
                0x00000000080019d8                . = ALIGN (0x4)
                0x00000000080019d8                PROVIDE (__init_array_start = .)
 *(SORT_BY_NAME(.init_array.*))
 *(.init_array*)
 .init_array    0x00000000080019d8        0x4 c:/st/stm32cubeide_1.4.0/stm32cubeide/plugins/com.st.stm32cube.ide.mcu.externaltools.gnu-tools-for-stm32.7-2018-q2-update.win32_1.4.0.202007081208/tools/bin/../lib/gcc/arm-none-eabi/7.3.1/thumb/v7e-m/fpv4-sp/hard/crtbegin.o
                0x00000000080019dc                PROVIDE (__init_array_end = .)
                0x00000000080019dc                . = ALIGN (0x4)

.fini_array     0x00000000080019dc        0x4
                0x00000000080019dc                . = ALIGN (0x4)
                [!provide]                        PROVIDE (__fini_array_start = .)
 *(SORT_BY_NAME(.fini_array.*))
 *(.fini_array*)
 .fini_array    0x00000000080019dc        0x4 c:/st/stm32cubeide_1.4.0/stm32cubeide/plugins/com.st.stm32cube.ide.mcu.externaltools.gnu-tools-for-stm32.7-2018-q2-update.win32_1.4.0.202007081208/tools/bin/../lib/gcc/arm-none-eabi/7.3.1/thumb/v7e-m/fpv4-sp/hard/crtbegin.o
                [!provide]                        PROVIDE (__fini_array_end = .)
                0x00000000080019e0                . = ALIGN (0x4)
                0x00000000080019e0                _sidata = LOADADDR (.data)

.data           0x0000000020000000       0x24 load address 0x00000000080019e0
                0x0000000020000000                . = ALIGN (0x4)
                0x0000000020000000                _sdata = .
 *(.data)
 *(.data*)
 .data.complStr
                0x0000000020000000       0x14 Core/Src/display.o
                0x0000000020000000                complStr
 .data.complStrLen
                0x0000000020000014        0x1 Core/Src/display.o
                0x0000000020000014                complStrLen
 *fill*         0x0000000020000015        0x3 
 .data.curActDig.7743
                0x0000000020000018        0x4 Core/Src/display.o
 .data.shiftDir.7766
                0x000000002000001c        0x1 Core/Src/display.o
 *fill*         0x000000002000001d        0x3 
 .data.SystemCoreClock
                0x0000000020000020        0x4 Core/Src/system_stm32f3xx.o
                0x0000000020000020                SystemCoreClock
                0x0000000020000024                . = ALIGN (0x4)
                0x0000000020000024                _edata = .

.igot.plt       0x0000000020000024        0x0 load address 0x0000000008001a04
 .igot.plt      0x0000000020000024        0x0 c:/st/stm32cubeide_1.4.0/stm32cubeide/plugins/com.st.stm32cube.ide.mcu.externaltools.gnu-tools-for-stm32.7-2018-q2-update.win32_1.4.0.202007081208/tools/bin/../lib/gcc/arm-none-eabi/7.3.1/thumb/v7e-m/fpv4-sp/hard/crtbegin.o
                0x0000000020000024                . = ALIGN (0x4)

.bss            0x0000000020000024       0x24 load address 0x0000000008001a04
                0x0000000020000024                _sbss = .
                0x0000000020000024                __bss_start__ = _sbss
 *(.bss)
 .bss           0x0000000020000024       0x1c c:/st/stm32cubeide_1.4.0/stm32cubeide/plugins/com.st.stm32cube.ide.mcu.externaltools.gnu-tools-for-stm32.7-2018-q2-update.win32_1.4.0.202007081208/tools/bin/../lib/gcc/arm-none-eabi/7.3.1/thumb/v7e-m/fpv4-sp/hard/crtbegin.o
 *(.bss*)
 .bss.curPos.7765
                0x0000000020000040        0x1 Core/Src/display.o
 *(COMMON)
 *fill*         0x0000000020000041        0x3 
 COMMON         0x0000000020000044        0x4 Core/Src/display.o
                0x0000000020000044                curStr
                0x0000000020000048                . = ALIGN (0x4)
                0x0000000020000048                _ebss = .
                0x0000000020000048                __bss_end__ = _ebss

._user_heap_stack
                0x0000000020000048      0x600 load address 0x0000000008001a04
                0x0000000020000048                . = ALIGN (0x8)
                [!provide]                        PROVIDE (end = .)
                0x0000000020000048                PROVIDE (_end = .)
                0x0000000020000248                . = (. + _Min_Heap_Size)
 *fill*         0x0000000020000048      0x200 
                0x0000000020000648                . = (. + _Min_Stack_Size)
 *fill*         0x0000000020000248      0x400 
                0x0000000020000648                . = ALIGN (0x8)

/DISCARD/
 libc.a(*)
 libm.a(*)
 libgcc.a(*)

.ARM.attributes
                0x0000000000000000       0x30
 *(.ARM.attributes)
 .ARM.attributes
                0x0000000000000000       0x22 c:/st/stm32cubeide_1.4.0/stm32cubeide/plugins/com.st.stm32cube.ide.mcu.externaltools.gnu-tools-for-stm32.7-2018-q2-update.win32_1.4.0.202007081208/tools/bin/../lib/gcc/arm-none-eabi/7.3.1/thumb/v7e-m/fpv4-sp/hard/crti.o
 .ARM.attributes
                0x0000000000000022       0x34 c:/st/stm32cubeide_1.4.0/stm32cubeide/plugins/com.st.stm32cube.ide.mcu.externaltools.gnu-tools-for-stm32.7-2018-q2-update.win32_1.4.0.202007081208/tools/bin/../lib/gcc/arm-none-eabi/7.3.1/thumb/v7e-m/fpv4-sp/hard/crtbegin.o
 .ARM.attributes
                0x0000000000000056       0x39 Core/Src/display.o
 .ARM.attributes
                0x000000000000008f       0x39 Core/Src/gpio.o
 .ARM.attributes
                0x00000000000000c8       0x39 Core/Src/main.o
 .ARM.attributes
                0x0000000000000101       0x39 Core/Src/stm32f3xx_it.o
 .ARM.attributes
                0x000000000000013a       0x39 Core/Src/system_stm32f3xx.o
 .ARM.attributes
                0x0000000000000173       0x39 Core/Src/tim.o
 .ARM.attributes
                0x00000000000001ac       0x21 Core/Startup/startup_stm32f303k8tx.o
 .ARM.attributes
                0x00000000000001cd       0x39 Drivers/STM32F3xx_HAL_Driver/Src/stm32f3xx_ll_gpio.o
 .ARM.attributes
                0x0000000000000206       0x39 Drivers/STM32F3xx_HAL_Driver/Src/stm32f3xx_ll_tim.o
 .ARM.attributes
                0x000000000000023f       0x39 Drivers/STM32F3xx_HAL_Driver/Src/stm32f3xx_ll_utils.o
 .ARM.attributes
                0x0000000000000278       0x34 c:/st/stm32cubeide_1.4.0/stm32cubeide/plugins/com.st.stm32cube.ide.mcu.externaltools.gnu-tools-for-stm32.7-2018-q2-update.win32_1.4.0.202007081208/tools/bin/../lib/gcc/arm-none-eabi/7.3.1/../../../../arm-none-eabi/lib/thumb/v7e-m/fpv4-sp/hard\libc_nano.a(lib_a-init.o)
 .ARM.attributes
                0x00000000000002ac       0x34 c:/st/stm32cubeide_1.4.0/stm32cubeide/plugins/com.st.stm32cube.ide.mcu.externaltools.gnu-tools-for-stm32.7-2018-q2-update.win32_1.4.0.202007081208/tools/bin/../lib/gcc/arm-none-eabi/7.3.1/../../../../arm-none-eabi/lib/thumb/v7e-m/fpv4-sp/hard\libc_nano.a(lib_a-memset.o)
 .ARM.attributes
                0x00000000000002e0       0x22 c:/st/stm32cubeide_1.4.0/stm32cubeide/plugins/com.st.stm32cube.ide.mcu.externaltools.gnu-tools-for-stm32.7-2018-q2-update.win32_1.4.0.202007081208/tools/bin/../lib/gcc/arm-none-eabi/7.3.1/thumb/v7e-m/fpv4-sp/hard/crtn.o
OUTPUT(zadanie_cv8.elf elf32-littlearm)

.debug_info     0x0000000000000000     0x5273
 .debug_info    0x0000000000000000      0xc2e Core/Src/display.o
 .debug_info    0x0000000000000c2e      0x3ff Core/Src/gpio.o
 .debug_info    0x000000000000102d      0x6ab Core/Src/main.o
 .debug_info    0x00000000000016d8      0xc1a Core/Src/stm32f3xx_it.o
 .debug_info    0x00000000000022f2      0x400 Core/Src/system_stm32f3xx.o
 .debug_info    0x00000000000026f2      0xbb0 Core/Src/tim.o
 .debug_info    0x00000000000032a2       0x22 Core/Startup/startup_stm32f303k8tx.o
 .debug_info    0x00000000000032c4      0x7e2 Drivers/STM32F3xx_HAL_Driver/Src/stm32f3xx_ll_gpio.o
 .debug_info    0x0000000000003aa6      0xf9d Drivers/STM32F3xx_HAL_Driver/Src/stm32f3xx_ll_tim.o
 .debug_info    0x0000000000004a43      0x830 Drivers/STM32F3xx_HAL_Driver/Src/stm32f3xx_ll_utils.o

.debug_abbrev   0x0000000000000000     0x10ed
 .debug_abbrev  0x0000000000000000      0x27d Core/Src/display.o
 .debug_abbrev  0x000000000000027d      0x15d Core/Src/gpio.o
 .debug_abbrev  0x00000000000003da      0x187 Core/Src/main.o
 .debug_abbrev  0x0000000000000561      0x1ee Core/Src/stm32f3xx_it.o
 .debug_abbrev  0x000000000000074f      0x111 Core/Src/system_stm32f3xx.o
 .debug_abbrev  0x0000000000000860      0x1d9 Core/Src/tim.o
 .debug_abbrev  0x0000000000000a39       0x12 Core/Startup/startup_stm32f303k8tx.o
 .debug_abbrev  0x0000000000000a4b      0x212 Drivers/STM32F3xx_HAL_Driver/Src/stm32f3xx_ll_gpio.o
 .debug_abbrev  0x0000000000000c5d      0x1ff Drivers/STM32F3xx_HAL_Driver/Src/stm32f3xx_ll_tim.o
 .debug_abbrev  0x0000000000000e5c      0x291 Drivers/STM32F3xx_HAL_Driver/Src/stm32f3xx_ll_utils.o

.debug_aranges  0x0000000000000000      0x550
 .debug_aranges
                0x0000000000000000       0x78 Core/Src/display.o
 .debug_aranges
                0x0000000000000078       0x30 Core/Src/gpio.o
 .debug_aranges
                0x00000000000000a8       0x98 Core/Src/main.o
 .debug_aranges
                0x0000000000000140       0x80 Core/Src/stm32f3xx_it.o
 .debug_aranges
                0x00000000000001c0       0x28 Core/Src/system_stm32f3xx.o
 .debug_aranges
                0x00000000000001e8       0x98 Core/Src/tim.o
 .debug_aranges
                0x0000000000000280       0x28 Core/Startup/startup_stm32f303k8tx.o
 .debug_aranges
                0x00000000000002a8       0x70 Drivers/STM32F3xx_HAL_Driver/Src/stm32f3xx_ll_gpio.o
 .debug_aranges
                0x0000000000000318      0x148 Drivers/STM32F3xx_HAL_Driver/Src/stm32f3xx_ll_tim.o
 .debug_aranges
                0x0000000000000460       0xf0 Drivers/STM32F3xx_HAL_Driver/Src/stm32f3xx_ll_utils.o

.debug_ranges   0x0000000000000000      0x4b8
 .debug_ranges  0x0000000000000000       0x68 Core/Src/display.o
 .debug_ranges  0x0000000000000068       0x20 Core/Src/gpio.o
 .debug_ranges  0x0000000000000088       0x88 Core/Src/main.o
 .debug_ranges  0x0000000000000110       0x70 Core/Src/stm32f3xx_it.o
 .debug_ranges  0x0000000000000180       0x18 Core/Src/system_stm32f3xx.o
 .debug_ranges  0x0000000000000198       0x88 Core/Src/tim.o
 .debug_ranges  0x0000000000000220       0x20 Core/Startup/startup_stm32f303k8tx.o
 .debug_ranges  0x0000000000000240       0x60 Drivers/STM32F3xx_HAL_Driver/Src/stm32f3xx_ll_gpio.o
 .debug_ranges  0x00000000000002a0      0x138 Drivers/STM32F3xx_HAL_Driver/Src/stm32f3xx_ll_tim.o
 .debug_ranges  0x00000000000003d8       0xe0 Drivers/STM32F3xx_HAL_Driver/Src/stm32f3xx_ll_utils.o

.debug_macro    0x0000000000000000    0x169ea
 .debug_macro   0x0000000000000000      0x22a Core/Src/display.o
 .debug_macro   0x000000000000022a      0xa90 Core/Src/display.o
 .debug_macro   0x0000000000000cba       0x22 Core/Src/display.o
 .debug_macro   0x0000000000000cdc       0x40 Core/Src/display.o
 .debug_macro   0x0000000000000d1c       0x18 Core/Src/display.o
 .debug_macro   0x0000000000000d34       0x94 Core/Src/display.o
 .debug_macro   0x0000000000000dc8       0x3c Core/Src/display.o
 .debug_macro   0x0000000000000e04       0x34 Core/Src/display.o
 .debug_macro   0x0000000000000e38       0x16 Core/Src/display.o
 .debug_macro   0x0000000000000e4e       0x57 Core/Src/display.o
 .debug_macro   0x0000000000000ea5       0x97 Core/Src/display.o
 .debug_macro   0x0000000000000f3c      0x330 Core/Src/display.o
 .debug_macro   0x000000000000126c       0xfd Core/Src/display.o
 .debug_macro   0x0000000000001369       0x10 Core/Src/display.o
 .debug_macro   0x0000000000001379       0x52 Core/Src/display.o
 .debug_macro   0x00000000000013cb       0x1f Core/Src/display.o
 .debug_macro   0x00000000000013ea       0x43 Core/Src/display.o
 .debug_macro   0x000000000000142d       0x20 Core/Src/display.o
 .debug_macro   0x000000000000144d      0x1a3 Core/Src/display.o
 .debug_macro   0x00000000000015f0       0x10 Core/Src/display.o
 .debug_macro   0x0000000000001600       0x6a Core/Src/display.o
 .debug_macro   0x000000000000166a       0x1c Core/Src/display.o
 .debug_macro   0x0000000000001686       0x52 Core/Src/display.o
 .debug_macro   0x00000000000016d8       0x40 Core/Src/display.o
 .debug_macro   0x0000000000001718       0x10 Core/Src/display.o
 .debug_macro   0x0000000000001728       0x40 Core/Src/display.o
 .debug_macro   0x0000000000001768       0xd7 Core/Src/display.o
 .debug_macro   0x000000000000183f       0x1c Core/Src/display.o
 .debug_macro   0x000000000000185b       0x3d Core/Src/display.o
 .debug_macro   0x0000000000001898       0x16 Core/Src/display.o
 .debug_macro   0x00000000000018ae      0x145 Core/Src/display.o
 .debug_macro   0x00000000000019f3       0x2e Core/Src/display.o
 .debug_macro   0x0000000000001a21       0x28 Core/Src/display.o
 .debug_macro   0x0000000000001a49       0xef Core/Src/display.o
 .debug_macro   0x0000000000001b38      0x1df Core/Src/display.o
 .debug_macro   0x0000000000001d17       0x1c Core/Src/display.o
 .debug_macro   0x0000000000001d33       0x22 Core/Src/display.o
 .debug_macro   0x0000000000001d55       0xd9 Core/Src/display.o
 .debug_macro   0x0000000000001e2e      0xf07 Core/Src/display.o
 .debug_macro   0x0000000000002d35    0x10bd9 Core/Src/display.o
 .debug_macro   0x000000000001390e       0x43 Core/Src/display.o
 .debug_macro   0x0000000000013951      0x13c Core/Src/display.o
 .debug_macro   0x0000000000013a8d       0xd0 Core/Src/display.o
 .debug_macro   0x0000000000013b5d      0x136 Core/Src/gpio.o
 .debug_macro   0x0000000000013c93       0x8e Core/Src/gpio.o
 .debug_macro   0x0000000000013d21       0x51 Core/Src/gpio.o
 .debug_macro   0x0000000000013d72       0xdf Core/Src/gpio.o
 .debug_macro   0x0000000000013e51      0x4bc Core/Src/gpio.o
 .debug_macro   0x000000000001430d       0xe1 Core/Src/gpio.o
 .debug_macro   0x00000000000143ee      0x29f Core/Src/gpio.o
 .debug_macro   0x000000000001468d       0xfe Core/Src/gpio.o
 .debug_macro   0x000000000001478b       0x28 Core/Src/gpio.o
 .debug_macro   0x00000000000147b3       0x30 Core/Src/gpio.o
 .debug_macro   0x00000000000147e3       0xa8 Core/Src/gpio.o
 .debug_macro   0x000000000001488b      0x287 Core/Src/gpio.o
 .debug_macro   0x0000000000014b12      0x803 Core/Src/gpio.o
 .debug_macro   0x0000000000015315      0x142 Core/Src/gpio.o
 .debug_macro   0x0000000000015457       0xb2 Core/Src/gpio.o
 .debug_macro   0x0000000000015509      0x144 Core/Src/main.o
 .debug_macro   0x000000000001564d      0x29a Core/Src/stm32f3xx_it.o
 .debug_macro   0x00000000000158e7       0x46 Core/Src/stm32f3xx_it.o
 .debug_macro   0x000000000001592d      0x32a Core/Src/stm32f3xx_it.o
 .debug_macro   0x0000000000015c57       0xbd Core/Src/system_stm32f3xx.o
 .debug_macro   0x0000000000015d14      0x136 Core/Src/tim.o
 .debug_macro   0x0000000000015e4a       0xff Drivers/STM32F3xx_HAL_Driver/Src/stm32f3xx_ll_gpio.o
 .debug_macro   0x0000000000015f49      0x169 Drivers/STM32F3xx_HAL_Driver/Src/stm32f3xx_ll_tim.o
 .debug_macro   0x00000000000160b2      0x7fd Drivers/STM32F3xx_HAL_Driver/Src/stm32f3xx_ll_tim.o
 .debug_macro   0x00000000000168af      0x13b Drivers/STM32F3xx_HAL_Driver/Src/stm32f3xx_ll_utils.o

.debug_line     0x0000000000000000     0x4046
 .debug_line    0x0000000000000000      0x7d3 Core/Src/display.o
 .debug_line    0x00000000000007d3      0x5a7 Core/Src/gpio.o
 .debug_line    0x0000000000000d7a      0x6da Core/Src/main.o
 .debug_line    0x0000000000001454      0x875 Core/Src/stm32f3xx_it.o
 .debug_line    0x0000000000001cc9      0x479 Core/Src/system_stm32f3xx.o
 .debug_line    0x0000000000002142      0x74d Core/Src/tim.o
 .debug_line    0x000000000000288f       0x88 Core/Startup/startup_stm32f303k8tx.o
 .debug_line    0x0000000000002917      0x661 Drivers/STM32F3xx_HAL_Driver/Src/stm32f3xx_ll_gpio.o
 .debug_line    0x0000000000002f78      0x959 Drivers/STM32F3xx_HAL_Driver/Src/stm32f3xx_ll_tim.o
 .debug_line    0x00000000000038d1      0x775 Drivers/STM32F3xx_HAL_Driver/Src/stm32f3xx_ll_utils.o

.debug_str      0x0000000000000000    0x77b16
 .debug_str     0x0000000000000000    0x69e68 Core/Src/display.o
                                      0x6a0cd (size before relaxing)
 .debug_str     0x0000000000069e68     0xa48f Core/Src/gpio.o
                                      0x6fd01 (size before relaxing)
 .debug_str     0x00000000000742f7      0x1fd Core/Src/main.o
                                      0x6fe64 (size before relaxing)
 .debug_str     0x00000000000744f4      0x16a Core/Src/stm32f3xx_it.o
                                      0x74474 (size before relaxing)
 .debug_str     0x000000000007465e       0x5f Core/Src/system_stm32f3xx.o
                                      0x651e8 (size before relaxing)
 .debug_str     0x00000000000746bd      0x4de Core/Src/tim.o
                                      0x70319 (size before relaxing)
 .debug_str     0x0000000000074b9b       0x36 Core/Startup/startup_stm32f303k8tx.o
                                         0x69 (size before relaxing)
 .debug_str     0x0000000000074bd1      0x66c Drivers/STM32F3xx_HAL_Driver/Src/stm32f3xx_ll_gpio.o
                                      0x6654b (size before relaxing)
 .debug_str     0x000000000007523d     0x1bb9 Drivers/STM32F3xx_HAL_Driver/Src/stm32f3xx_ll_tim.o
                                      0x6b49b (size before relaxing)
 .debug_str     0x0000000000076df6      0xd20 Drivers/STM32F3xx_HAL_Driver/Src/stm32f3xx_ll_utils.o
                                      0x6a21d (size before relaxing)

.comment        0x0000000000000000       0x7b
 .comment       0x0000000000000000       0x7b Core/Src/display.o
                                         0x7c (size before relaxing)
 .comment       0x000000000000007b       0x7c Core/Src/gpio.o
 .comment       0x000000000000007b       0x7c Core/Src/main.o
 .comment       0x000000000000007b       0x7c Core/Src/stm32f3xx_it.o
 .comment       0x000000000000007b       0x7c Core/Src/system_stm32f3xx.o
 .comment       0x000000000000007b       0x7c Core/Src/tim.o
 .comment       0x000000000000007b       0x7c Drivers/STM32F3xx_HAL_Driver/Src/stm32f3xx_ll_gpio.o
 .comment       0x000000000000007b       0x7c Drivers/STM32F3xx_HAL_Driver/Src/stm32f3xx_ll_tim.o
 .comment       0x000000000000007b       0x7c Drivers/STM32F3xx_HAL_Driver/Src/stm32f3xx_ll_utils.o

.debug_frame    0x0000000000000000     0x149c
 .debug_frame   0x0000000000000000      0x1b8 Core/Src/display.o
 .debug_frame   0x00000000000001b8       0x84 Core/Src/gpio.o
 .debug_frame   0x000000000000023c      0x250 Core/Src/main.o
 .debug_frame   0x000000000000048c      0x198 Core/Src/stm32f3xx_it.o
 .debug_frame   0x0000000000000624       0x58 Core/Src/system_stm32f3xx.o
 .debug_frame   0x000000000000067c      0x268 Core/Src/tim.o
 .debug_frame   0x00000000000008e4      0x1c0 Drivers/STM32F3xx_HAL_Driver/Src/stm32f3xx_ll_gpio.o
 .debug_frame   0x0000000000000aa4      0x5d0 Drivers/STM32F3xx_HAL_Driver/Src/stm32f3xx_ll_tim.o
 .debug_frame   0x0000000000001074      0x3dc Drivers/STM32F3xx_HAL_Driver/Src/stm32f3xx_ll_utils.o
 .debug_frame   0x0000000000001450       0x2c c:/st/stm32cubeide_1.4.0/stm32cubeide/plugins/com.st.stm32cube.ide.mcu.externaltools.gnu-tools-for-stm32.7-2018-q2-update.win32_1.4.0.202007081208/tools/bin/../lib/gcc/arm-none-eabi/7.3.1/../../../../arm-none-eabi/lib/thumb/v7e-m/fpv4-sp/hard\libc_nano.a(lib_a-init.o)
 .debug_frame   0x000000000000147c       0x20 c:/st/stm32cubeide_1.4.0/stm32cubeide/plugins/com.st.stm32cube.ide.mcu.externaltools.gnu-tools-for-stm32.7-2018-q2-update.win32_1.4.0.202007081208/tools/bin/../lib/gcc/arm-none-eabi/7.3.1/../../../../arm-none-eabi/lib/thumb/v7e-m/fpv4-sp/hard\libc_nano.a(lib_a-memset.o)
