stm32f3xx_ll_gpio.h:879:22:LL_GPIO_SetOutputPin	16	static
stm32f3xx_ll_gpio.h:908:22:LL_GPIO_ResetOutputPin	16	static
display.c:49:6:DISPLAY_displayCurStr	16	static
display.c:58:6:updAlphanumChar	24	static
display.c:66:6:setDigit	16	static
display.c:71:6:resAllSegments	16	static
display.c:78:6:resAllDigits	16	static
display.c:86:6:DISPLAY_shiftCurStr	8	static
display.c:95:6:updCurPos	16	static
display.c:99:6:updShiftDir	16	static
display.c:109:6:setCurStr	24	static
display.c:116:6:DISPLAY_setCompStr	16	static
