stm32f3xx_ll_gpio.h:879:22:LL_GPIO_SetOutputPin	16	static
stm32f3xx_ll_gpio.h:908:22:LL_GPIO_ResetOutputPin	16	static
display.c:25:6:DISPLAY_displayCurStr	8	static
display.c:44:6:updAlphanumChar	16	static
display.c:57:6:setDigit	16	static
display.c:75:6:resAllSegments	8	static
display.c:87:6:resAllDigits	8	static
display.c:96:6:DISPLAY_shiftCurStr	8	static
display.c:105:6:updCurPos	16	static
display.c:109:6:updShiftDir	16	static
display.c:119:6:setCurStr	24	static
display.c:126:6:DISPLAY_setCompStr	16	static
